Archive member included to satisfy reference by file (symbol)

c:/ac6/systemworkbench/plugins/fr.ac6.mcu.externaltools.arm-none.win32_1.16.0.201807130628/tools/compiler/bin/../lib/gcc/arm-none-eabi/7.2.1/../../../../arm-none-eabi/lib/thumb/v7-m\libm.a(lib_a-s_ceil.o)
                              src/main.o (ceil)
c:/ac6/systemworkbench/plugins/fr.ac6.mcu.externaltools.arm-none.win32_1.16.0.201807130628/tools/compiler/bin/../lib/gcc/arm-none-eabi/7.2.1/thumb/v7-m\libgcc.a(_arm_addsubdf3.o)
                              c:/ac6/systemworkbench/plugins/fr.ac6.mcu.externaltools.arm-none.win32_1.16.0.201807130628/tools/compiler/bin/../lib/gcc/arm-none-eabi/7.2.1/../../../../arm-none-eabi/lib/thumb/v7-m\libm.a(lib_a-s_ceil.o) (__aeabi_dadd)
c:/ac6/systemworkbench/plugins/fr.ac6.mcu.externaltools.arm-none.win32_1.16.0.201807130628/tools/compiler/bin/../lib/gcc/arm-none-eabi/7.2.1/thumb/v7-m\libgcc.a(_arm_cmpdf2.o)
                              c:/ac6/systemworkbench/plugins/fr.ac6.mcu.externaltools.arm-none.win32_1.16.0.201807130628/tools/compiler/bin/../lib/gcc/arm-none-eabi/7.2.1/../../../../arm-none-eabi/lib/thumb/v7-m\libm.a(lib_a-s_ceil.o) (__aeabi_dcmpgt)
c:/ac6/systemworkbench/plugins/fr.ac6.mcu.externaltools.arm-none.win32_1.16.0.201807130628/tools/compiler/bin/../lib/gcc/arm-none-eabi/7.2.1/thumb/v7-m\libgcc.a(_arm_fixdfsi.o)
                              src/main.o (__aeabi_d2iz)
c:/ac6/systemworkbench/plugins/fr.ac6.mcu.externaltools.arm-none.win32_1.16.0.201807130628/tools/compiler/bin/../lib/gcc/arm-none-eabi/7.2.1/thumb/v7-m\libgcc.a(_arm_addsubsf3.o)
                              src/main.o (__aeabi_ui2f)
c:/ac6/systemworkbench/plugins/fr.ac6.mcu.externaltools.arm-none.win32_1.16.0.201807130628/tools/compiler/bin/../lib/gcc/arm-none-eabi/7.2.1/thumb/v7-m\libgcc.a(_arm_fixsfsi.o)
                              src/main.o (__aeabi_f2iz)
c:/ac6/systemworkbench/plugins/fr.ac6.mcu.externaltools.arm-none.win32_1.16.0.201807130628/tools/compiler/bin/../lib/gcc/arm-none-eabi/7.2.1/../../../../arm-none-eabi/lib/thumb/v7-m\libc.a(lib_a-atoi.o)
                              src/main.o (atoi)
c:/ac6/systemworkbench/plugins/fr.ac6.mcu.externaltools.arm-none.win32_1.16.0.201807130628/tools/compiler/bin/../lib/gcc/arm-none-eabi/7.2.1/../../../../arm-none-eabi/lib/thumb/v7-m\libc.a(lib_a-errno.o)
                              src/syscalls.o (__errno)
c:/ac6/systemworkbench/plugins/fr.ac6.mcu.externaltools.arm-none.win32_1.16.0.201807130628/tools/compiler/bin/../lib/gcc/arm-none-eabi/7.2.1/../../../../arm-none-eabi/lib/thumb/v7-m\libc.a(lib_a-exit.o)
                              c:/ac6/systemworkbench/plugins/fr.ac6.mcu.externaltools.arm-none.win32_1.16.0.201807130628/tools/compiler/bin/../lib/gcc/arm-none-eabi/7.2.1/../../../../arm-none-eabi/lib/thumb/v7-m/crt0.o (exit)
c:/ac6/systemworkbench/plugins/fr.ac6.mcu.externaltools.arm-none.win32_1.16.0.201807130628/tools/compiler/bin/../lib/gcc/arm-none-eabi/7.2.1/../../../../arm-none-eabi/lib/thumb/v7-m\libc.a(lib_a-impure.o)
                              c:/ac6/systemworkbench/plugins/fr.ac6.mcu.externaltools.arm-none.win32_1.16.0.201807130628/tools/compiler/bin/../lib/gcc/arm-none-eabi/7.2.1/../../../../arm-none-eabi/lib/thumb/v7-m\libc.a(lib_a-exit.o) (_global_impure_ptr)
c:/ac6/systemworkbench/plugins/fr.ac6.mcu.externaltools.arm-none.win32_1.16.0.201807130628/tools/compiler/bin/../lib/gcc/arm-none-eabi/7.2.1/../../../../arm-none-eabi/lib/thumb/v7-m\libc.a(lib_a-init.o)
                              c:/ac6/systemworkbench/plugins/fr.ac6.mcu.externaltools.arm-none.win32_1.16.0.201807130628/tools/compiler/bin/../lib/gcc/arm-none-eabi/7.2.1/../../../../arm-none-eabi/lib/thumb/v7-m/crt0.o (__libc_init_array)
c:/ac6/systemworkbench/plugins/fr.ac6.mcu.externaltools.arm-none.win32_1.16.0.201807130628/tools/compiler/bin/../lib/gcc/arm-none-eabi/7.2.1/../../../../arm-none-eabi/lib/thumb/v7-m\libc.a(lib_a-itoa.o)
                              src/main.o (itoa)
c:/ac6/systemworkbench/plugins/fr.ac6.mcu.externaltools.arm-none.win32_1.16.0.201807130628/tools/compiler/bin/../lib/gcc/arm-none-eabi/7.2.1/../../../../arm-none-eabi/lib/thumb/v7-m\libc.a(lib_a-memset.o)
                              c:/ac6/systemworkbench/plugins/fr.ac6.mcu.externaltools.arm-none.win32_1.16.0.201807130628/tools/compiler/bin/../lib/gcc/arm-none-eabi/7.2.1/../../../../arm-none-eabi/lib/thumb/v7-m/crt0.o (memset)
c:/ac6/systemworkbench/plugins/fr.ac6.mcu.externaltools.arm-none.win32_1.16.0.201807130628/tools/compiler/bin/../lib/gcc/arm-none-eabi/7.2.1/../../../../arm-none-eabi/lib/thumb/v7-m\libc.a(lib_a-strcmp.o)
                              src/main.o (strcmp)
c:/ac6/systemworkbench/plugins/fr.ac6.mcu.externaltools.arm-none.win32_1.16.0.201807130628/tools/compiler/bin/../lib/gcc/arm-none-eabi/7.2.1/../../../../arm-none-eabi/lib/thumb/v7-m\libc.a(lib_a-strtol.o)
[...]
Memory Configuration

Name             Origin             Length             Attributes
FLASH            0x08000000         0x00020000         xr
RAM              0x20000000         0x00004000         xrw
MEMORY_B1        0x60000000         0x00000000         xr
RW_EEPROM        0x08080000         0x00000020         rw
*default*        0x00000000         0xffffffff

Linker script and memory map

LOAD c:/ac6/systemworkbench/plugins/fr.ac6.mcu.externaltools.arm-none.win32_1.16.0.201807130628/tools/compiler/bin/../lib/gcc/arm-none-eabi/7.2.1/thumb/v7-m/crti.o
LOAD c:/ac6/systemworkbench/plugins/fr.ac6.mcu.externaltools.arm-none.win32_1.16.0.201807130628/tools/compiler/bin/../lib/gcc/arm-none-eabi/7.2.1/thumb/v7-m/crtbegin.o
LOAD c:/ac6/systemworkbench/plugins/fr.ac6.mcu.externaltools.arm-none.win32_1.16.0.201807130628/tools/compiler/bin/../lib/gcc/arm-none-eabi/7.2.1/../../../../arm-none-eabi/lib/thumb/v7-m/crt0.o
LOAD StdPeriph_Driver/src/misc.o
LOAD StdPeriph_Driver/src/stm32l1xx_adc.o
LOAD StdPeriph_Driver/src/stm32l1xx_aes.o
LOAD StdPeriph_Driver/src/stm32l1xx_aes_util.o
LOAD StdPeriph_Driver/src/stm32l1xx_comp.o
LOAD StdPeriph_Driver/src/stm32l1xx_crc.o
LOAD StdPeriph_Driver/src/stm32l1xx_dac.o
LOAD StdPeriph_Driver/src/stm32l1xx_dbgmcu.o
LOAD StdPeriph_Driver/src/stm32l1xx_dma.o
LOAD StdPeriph_Driver/src/stm32l1xx_exti.o
LOAD StdPeriph_Driver/src/stm32l1xx_flash.o
LOAD StdPeriph_Driver/src/stm32l1xx_flash_ramfunc.o
LOAD StdPeriph_Driver/src/stm32l1xx_fsmc.o
LOAD StdPeriph_Driver/src/stm32l1xx_gpio.o
LOAD StdPeriph_Driver/src/stm32l1xx_i2c.o
LOAD StdPeriph_Driver/src/stm32l1xx_iwdg.o
LOAD StdPeriph_Driver/src/stm32l1xx_lcd.o
LOAD StdPeriph_Driver/src/stm32l1xx_opamp.o
LOAD StdPeriph_Driver/src/stm32l1xx_pwr.o
LOAD StdPeriph_Driver/src/stm32l1xx_rcc.o
LOAD StdPeriph_Driver/src/stm32l1xx_rtc.o
LOAD StdPeriph_Driver/src/stm32l1xx_sdio.o
LOAD StdPeriph_Driver/src/stm32l1xx_spi.o
LOAD StdPeriph_Driver/src/stm32l1xx_syscfg.o
LOAD StdPeriph_Driver/src/stm32l1xx_tim.o
LOAD StdPeriph_Driver/src/stm32l1xx_usart.o
LOAD StdPeriph_Driver/src/stm32l1xx_wwdg.o
LOAD Utilities/stm32l_discovery_lcd.o
LOAD src/Utilities.o
LOAD src/main.o
LOAD src/syscalls.o
LOAD src/system_stm32l1xx.o
LOAD src/uart.o
LOAD startup/startup_stm32l1xx_md.o
LOAD c:/ac6/systemworkbench/plugins/fr.ac6.mcu.externaltools.arm-none.win32_1.16.0.201807130628/tools/compiler/bin/../lib/gcc/arm-none-eabi/7.2.1/../../../../arm-none-eabi/lib/thumb/v7-m\libstdc++.a
LOAD c:/ac6/systemworkbench/plugins/fr.ac6.mcu.externaltools.arm-none.win32_1.16.0.201807130628/tools/compiler/bin/../lib/gcc/arm-none-eabi/7.2.1/../../../../arm-none-eabi/lib/thumb/v7-m\libm.a
START GROUP
LOAD c:/ac6/systemworkbench/plugins/fr.ac6.mcu.externaltools.arm-none.win32_1.16.0.201807130628/tools/compiler/bin/../lib/gcc/arm-none-eabi/7.2.1/thumb/v7-m\libgcc.a
LOAD c:/ac6/systemworkbench/plugins/fr.ac6.mcu.externaltools.arm-none.win32_1.16.0.201807130628/tools/compiler/bin/../lib/gcc/arm-none-eabi/7.2.1/../../../../arm-none-eabi/lib/thumb/v7-m\libc.a
END GROUP
LOAD c:/ac6/systemworkbench/plugins/fr.ac6.mcu.externaltools.arm-none.win32_1.16.0.201807130628/tools/compiler/bin/../lib/gcc/arm-none-eabi/7.2.1/thumb/v7-m/crtend.o
LOAD c:/ac6/systemworkbench/plugins/fr.ac6.mcu.externaltools.arm-none.win32_1.16.0.201807130628/tools/compiler/bin/../lib/gcc/arm-none-eabi/7.2.1/thumb/v7-m/crtn.o
                0x20004000                _estack = 0x20004000
                0x00000000                _Min_Heap_Size = 0x0
                0x00000080                _Min_Stack_Size = 0x80

.isr_vector     0x08000000      0x10c
                0x08000000                . = ALIGN (0x4)
 *(.isr_vector)
 .isr_vector    0x08000000      0x10c startup/startup_stm32l1xx_md.o
                0x08000000                g_pfnVectors
                0x0800010c                . = ALIGN (0x4)

.text           0x08000110     0x3028
                0x08000110                . = ALIGN (0x4)
 *(.text)
 .text          0x08000110       0x40 c:/ac6/systemworkbench/plugins/fr.ac6.mcu.externaltools.arm-none.win32_1.16.0.201807130628/tools/compiler/bin/../lib/gcc/arm-none-eabi/7.2.1/thumb/v7-m/crtbegin.o
 .text          0x08000150      0x378 c:/ac6/systemworkbench/plugins/fr.ac6.mcu.externaltools.arm-none.win32_1.16.0.201807130628/tools/compiler/bin/../lib/gcc/arm-none-eabi/7.2.1/thumb/v7-m\libgcc.a(_arm_addsubdf3.o)
                0x08000150                __aeabi_drsub
                0x08000158                __aeabi_dsub
                0x08000158                __subdf3
                0x0800015c                __aeabi_dadd
                0x0800015c                __adddf3
                0x080003d4                __floatunsidf
                0x080003d4                __aeabi_ui2d
                0x080003f4                __floatsidf
                0x080003f4                __aeabi_i2d
                0x08000418                __aeabi_f2d
                0x08000418                __extendsfdf2
                0x0800045c                __floatundidf
                0x0800045c                __aeabi_ul2d
                0x0800046c                __floatdidf
                0x0800046c                __aeabi_l2d
 .text          0x080004c8      0x110 c:/ac6/systemworkbench/plugins/fr.ac6.mcu.externaltools.arm-none.win32_1.16.0.201807130628/tools/compiler/bin/../lib/gcc/arm-none-eabi/7.2.1/thumb/v7-m\libgcc.a(_arm_cmpdf2.o)
                0x080004c8                __gtdf2
                0x080004c8                __gedf2
                0x080004d0                __ltdf2
                0x080004d0                __ledf2
                0x080004d8                __nedf2
                0x080004d8                __eqdf2
                0x080004d8                __cmpdf2
                0x08000554                __aeabi_cdrcmple
                0x08000564                __aeabi_cdcmpeq
                0x08000564                __aeabi_cdcmple
                0x08000574                __aeabi_dcmpeq
                0x08000588                __aeabi_dcmplt
                0x0800059c                __aeabi_dcmple
                0x080005b0                __aeabi_dcmpge
                0x080005c4                __aeabi_dcmpgt
 .text          0x080005d8       0x50 c:/ac6/systemworkbench/plugins/fr.ac6.mcu.externaltools.arm-none.win32_1.16.0.201807130628/tools/compiler/bin/../lib/gcc/arm-none-eabi/7.2.1/thumb/v7-m\libgcc.a(_arm_fixdfsi.o)
                0x080005d8                __aeabi_d2iz
                0x080005d8                __fixdfsi
 .text          0x08000628      0x21c c:/ac6/systemworkbench/plugins/fr.ac6.mcu.externaltools.arm-none.win32_1.16.0.201807130628/tools/compiler/bin/../lib/gcc/arm-none-eabi/7.2.1/thumb/v7-m\libgcc.a(_arm_addsubsf3.o)
                0x08000628                __aeabi_frsub
                0x08000630                __subsf3
                0x08000630                __aeabi_fsub
                0x08000634                __aeabi_fadd
                0x08000634                __addsf3
                0x08000794                __aeabi_ui2f
                0x08000794                __floatunsisf
                0x0800079c                __aeabi_i2f
                0x0800079c                __floatsisf
                0x080007b8                __aeabi_ul2f
                0x080007b8                __floatundisf
                0x080007c8                __aeabi_l2f
                0x080007c8                __floatdisf
 .text          0x08000844       0x4c c:/ac6/systemworkbench/plugins/fr.ac6.mcu.externaltools.arm-none.win32_1.16.0.201807130628/tools/compiler/bin/../lib/gcc/arm-none-eabi/7.2.1/thumb/v7-m\libgcc.a(_arm_fixsfsi.o)
                0x08000844                __aeabi_f2iz
                0x08000844                __fixsfsi
 .text          0x08000890      0x1bc c:/ac6/systemworkbench/plugins/fr.ac6.mcu.externaltools.arm-none.win32_1.16.0.201807130628/tools/compiler/bin/../lib/gcc/arm-none-eabi/7.2.1/../../../../arm-none-eabi/lib/thumb/v7-m\libc.a(lib_a-strcmp.o)
                0x08000890                strcmp
 *(.text*)
 .text.ADC_Init
                0x08000a4c       0xa8 StdPeriph_Driver/src/stm32l1xx_adc.o
                0x08000a4c                ADC_Init
 .text.ADC_StructInit
                0x08000af4       0x3e StdPeriph_Driver/src/stm32l1xx_adc.o
                0x08000af4                ADC_StructInit
 *fill*         0x08000b32        0x2 
 .text.ADC_CommonInit
                0x08000b34       0x38 StdPeriph_Driver/src/stm32l1xx_adc.o
                0x08000b34                ADC_CommonInit
 .text.ADC_CommonStructInit
                0x08000b6c       0x18 StdPeriph_Driver/src/stm32l1xx_adc.o
                0x08000b6c                ADC_CommonStructInit
 .text.ADC_Cmd  0x08000b84       0x36 StdPeriph_Driver/src/stm32l1xx_adc.o
                0x08000b84                ADC_Cmd
 .text.ADC_BankSelection
                0x08000bba       0x36 StdPeriph_Driver/src/stm32l1xx_adc.o
                0x08000bba                ADC_BankSelection
 .text.ADC_RegularChannelConfig
                0x08000bf0      0x2ca StdPeriph_Driver/src/stm32l1xx_adc.o
                0x08000bf0                ADC_RegularChannelConfig
 .text.ADC_GetConversionValue
                0x08000eba       0x18 StdPeriph_Driver/src/stm32l1xx_adc.o
                0x08000eba                ADC_GetConversionValue
 .text.ADC_ITConfig
                0x08000ed2       0x50 StdPeriph_Driver/src/stm32l1xx_adc.o
                0x08000ed2                ADC_ITConfig
 .text.ADC_GetFlagStatus
                0x08000f22       0x32 StdPeriph_Driver/src/stm32l1xx_adc.o
                0x08000f22                ADC_GetFlagStatus
 .text.ADC_ClearITPendingBit
                0x08000f54       0x2a StdPeriph_Driver/src/stm32l1xx_adc.o
                0x08000f54                ADC_ClearITPendingBit
 .text.DAC_DeInit
                0x08000f7e       0x1c StdPeriph_Driver/src/stm32l1xx_dac.o
                0x08000f7e                DAC_DeInit
 *fill*         0x08000f9a        0x2 
 .text.DAC_Init
                0x08000f9c       0x64 StdPeriph_Driver/src/stm32l1xx_dac.o
                0x08000f9c                DAC_Init
 .text.DAC_StructInit
                0x08001000       0x2a StdPeriph_Driver/src/stm32l1xx_dac.o
                0x08001000                DAC_StructInit
 *fill*         0x0800102a        0x2 
 .text.DAC_Cmd  0x0800102c       0x48 StdPeriph_Driver/src/stm32l1xx_dac.o
                0x0800102c                DAC_Cmd
 .text.DAC_SetChannel1Data
                0x08001074       0x34 StdPeriph_Driver/src/stm32l1xx_dac.o
                0x08001074                DAC_SetChannel1Data
 .text.DMA_Cmd  0x080010a8       0x38 StdPeriph_Driver/src/stm32l1xx_dma.o
                0x080010a8                DMA_Cmd
 .text.GPIO_Init
                0x080010e0      0x136 StdPeriph_Driver/src/stm32l1xx_gpio.o
                0x080010e0                GPIO_Init
 .text.GPIO_SetBits
                0x08001216       0x1c StdPeriph_Driver/src/stm32l1xx_gpio.o
                0x08001216                GPIO_SetBits
 .text.GPIO_ResetBits
                0x08001232       0x1c StdPeriph_Driver/src/stm32l1xx_gpio.o
                0x08001232                GPIO_ResetBits
 .text.GPIO_ToggleBits
                0x0800124e       0x26 StdPeriph_Driver/src/stm32l1xx_gpio.o
                0x0800124e                GPIO_ToggleBits
 .text.GPIO_PinAFConfig
                0x08001274       0x90 StdPeriph_Driver/src/stm32l1xx_gpio.o
                0x08001274                GPIO_PinAFConfig
 .text.RCC_GetClocksFreq
                0x08001304      0x1b4 StdPeriph_Driver/src/stm32l1xx_rcc.o
                0x08001304                RCC_GetClocksFreq
 .text.RCC_AHBPeriphClockCmd
                0x080014b8       0x3c StdPeriph_Driver/src/stm32l1xx_rcc.o
                0x080014b8                RCC_AHBPeriphClockCmd
 .text.RCC_APB2PeriphClockCmd
                0x080014f4       0x3c StdPeriph_Driver/src/stm32l1xx_rcc.o
                0x080014f4                RCC_APB2PeriphClockCmd
 .text.RCC_APB1PeriphClockCmd
                0x08001530       0x3c StdPeriph_Driver/src/stm32l1xx_rcc.o
                0x08001530                RCC_APB1PeriphClockCmd
 .text.RCC_APB1PeriphResetCmd
                0x0800156c       0x3c StdPeriph_Driver/src/stm32l1xx_rcc.o
                0x0800156c                RCC_APB1PeriphResetCmd
 .text.TIM_TimeBaseInit
                0x080015a8       0xa4 StdPeriph_Driver/src/stm32l1xx_tim.o
                0x080015a8                TIM_TimeBaseInit
 .text.TIM_SetAutoreload
                0x0800164c       0x1a StdPeriph_Driver/src/stm32l1xx_tim.o
                0x0800164c                TIM_SetAutoreload
 .text.TIM_SelectOnePulseMode
                0x08001666       0x36 StdPeriph_Driver/src/stm32l1xx_tim.o
                0x08001666                TIM_SelectOnePulseMode
 .text.TIM_Cmd  0x0800169c       0x3e StdPeriph_Driver/src/stm32l1xx_tim.o
                0x0800169c                TIM_Cmd
 .text.TIM_ITConfig
                0x080016da       0x46 StdPeriph_Driver/src/stm32l1xx_tim.o
                0x080016da                TIM_ITConfig
 .text.TIM_GenerateEvent
                0x08001720       0x1c StdPeriph_Driver/src/stm32l1xx_tim.o
                0x08001720                TIM_GenerateEvent
 .text.TIM_ClearFlag
                0x0800173c       0x20 StdPeriph_Driver/src/stm32l1xx_tim.o
                0x0800173c                TIM_ClearFlag
 .text.TIM_GetITStatus
                0x0800175c       0x52 StdPeriph_Driver/src/stm32l1xx_tim.o
                0x0800175c                TIM_GetITStatus
 .text.TIM_ClearITPendingBit
                0x080017ae       0x20 StdPeriph_Driver/src/stm32l1xx_tim.o
                0x080017ae                TIM_ClearITPendingBit
 .text.TIM_SelectOutputTrigger
                0x080017ce       0x36 StdPeriph_Driver/src/stm32l1xx_tim.o
                0x080017ce                TIM_SelectOutputTrigger
 .text.USART_Init
                0x08001804      0x168 StdPeriph_Driver/src/stm32l1xx_usart.o
                0x08001804                USART_Init
 .text.USART_Cmd
                0x0800196c       0x3e StdPeriph_Driver/src/stm32l1xx_usart.o
                0x0800196c                USART_Cmd
 .text.USART_SendData
                0x080019aa       0x22 StdPeriph_Driver/src/stm32l1xx_usart.o
                0x080019aa                USART_SendData
 .text.USART_ReceiveData
                0x080019cc       0x1e StdPeriph_Driver/src/stm32l1xx_usart.o
                0x080019cc                USART_ReceiveData
 .text.USART_ITConfig
                0x080019ea       0x8e StdPeriph_Driver/src/stm32l1xx_usart.o
                0x080019ea                USART_ITConfig
 .text.USART_GetFlagStatus
                0x08001a78       0x36 StdPeriph_Driver/src/stm32l1xx_usart.o
                0x08001a78                USART_GetFlagStatus
 .text.USART_GetITStatus
                0x08001aae       0xb4 StdPeriph_Driver/src/stm32l1xx_usart.o
                0x08001aae                USART_GetITStatus
 .text.USART_ClearITPendingBit
                0x08001b62       0x38 StdPeriph_Driver/src/stm32l1xx_usart.o
                0x08001b62                USART_ClearITPendingBit
 *fill*         0x08001b9a        0x2 
 .text.DWT_Init
                0x08001b9c       0x38 src/Utilities.o
                0x08001b9c                DWT_Init
 .text.NVIC_EnableIRQ
                0x08001bd4       0x30 src/main.o
 .text.main     0x08001c04      0x364 src/main.o
                0x08001c04                main
 .text.USART2_IRQHandler
                0x08001f68       0xcc src/main.o
                0x08001f68                USART2_IRQHandler
 .text.clear_buff
                0x08002034       0x58 src/main.o
                0x08002034                clear_buff
 .text.clear_meas
                0x0800208c       0x34 src/main.o
                0x0800208c                clear_meas
 .text.command_splitter
                0x080020c0       0xa4 src/main.o
                0x080020c0                command_splitter
 .text.command_handler
                0x08002164      0x228 src/main.o
                0x08002164                command_handler
 .text.set_code
                0x0800238c       0xe0 src/main.o
                0x0800238c                set_code
 .text.dtb      0x0800246c       0xac src/main.o
                0x0800246c                dtb
 .text.TIM2_IRQHandler
                0x08002518       0x34 src/main.o
                0x08002518                TIM2_IRQHandler
 .text.TIM6_IRQHandler
                0x0800254c       0x54 src/main.o
                0x0800254c                TIM6_IRQHandler
 .text.ADC1_IRQHandler
                0x080025a0       0x4c src/main.o
                0x080025a0                ADC1_IRQHandler
 .text.meas_sender
                0x080025ec       0x88 src/main.o
                0x080025ec                meas_sender
 .text.ADC_Tim_Conf
                0x08002674       0xb8 src/main.o
                0x08002674                ADC_Tim_Conf
 .text.Exp_Tim_Conf
                0x0800272c       0x50 src/main.o
                0x0800272c                Exp_Tim_Conf
 .text.GetADC   0x0800277c       0x7c src/main.o
                0x0800277c                GetADC
 .text.SystemInit
                0x080027f8       0x68 src/system_stm32l1xx.o
                0x080027f8                SystemInit
 .text.SetSysClock
                0x08002860      0x11c src/system_stm32l1xx.o
 .text.SEND_UART
                0x0800297c       0x30 src/uart.o
                0x0800297c                SEND_UART
 .text.SEND_UART_STR
                0x080029ac       0x4a src/uart.o
                0x080029ac                SEND_UART_STR
 *fill*         0x080029f6        0x2 
 .text.Reset_Handler
                0x080029f8       0x48 startup/startup_stm32l1xx_md.o
                0x080029f8                Reset_Handler
 .text.Default_Handler
                0x08002a40        0x2 startup/startup_stm32l1xx_md.o
                0x08002a40                RTC_Alarm_IRQHandler
                0x08002a40                EXTI2_IRQHandler
                0x08002a40                DebugMon_Handler
                0x08002a40                HardFault_Handler
                0x08002a40                TIM10_IRQHandler
                0x08002a40                USB_HP_IRQHandler
                0x08002a40                SysTick_Handler
                0x08002a40                PVD_IRQHandler
                0x08002a40                PendSV_Handler
                0x08002a40                NMI_Handler
                0x08002a40                EXTI3_IRQHandler
                0x08002a40                EXTI0_IRQHandler
                0x08002a40                I2C2_EV_IRQHandler
                0x08002a40                UsageFault_Handler
                0x08002a40                SPI1_IRQHandler
                0x08002a40                USB_FS_WKUP_IRQHandler
                0x08002a40                DMA1_Channel4_IRQHandler
                0x08002a40                USART3_IRQHandler
                0x08002a40                DMA1_Channel7_IRQHandler
                0x08002a40                LCD_IRQHandler
                0x08002a40                TIM4_IRQHandler
                0x08002a40                I2C1_EV_IRQHandler
                0x08002a40                DMA1_Channel6_IRQHandler
                0x08002a40                TIM3_IRQHandler
                0x08002a40                RCC_IRQHandler
                0x08002a40                DMA1_Channel1_IRQHandler
                0x08002a40                Default_Handler
                0x08002a40                EXTI15_10_IRQHandler
                0x08002a40                TIM7_IRQHandler
                0x08002a40                EXTI9_5_IRQHandler
                0x08002a40                TIM9_IRQHandler
                0x08002a40                TAMPER_STAMP_IRQHandler
                0x08002a40                RTC_WKUP_IRQHandler
                0x08002a40                SPI2_IRQHandler
                0x08002a40                MemManage_Handler
                0x08002a40                SVC_Handler
                0x08002a40                DMA1_Channel5_IRQHandler
                0x08002a40                USB_LP_IRQHandler
                0x08002a40                EXTI4_IRQHandler
                0x08002a40                DMA1_Channel3_IRQHandler
                0x08002a40                COMP_IRQHandler
                0x08002a40                WWDG_IRQHandler
                0x08002a40                DAC_IRQHandler
                0x08002a40                EXTI1_IRQHandler
                0x08002a40                TIM11_IRQHandler
                0x08002a40                I2C2_ER_IRQHandler
                0x08002a40                DMA1_Channel2_IRQHandler
                0x08002a40                FLASH_IRQHandler
                0x08002a40                BusFault_Handler
                0x08002a40                USART1_IRQHandler
                0x08002a40                I2C1_ER_IRQHandler
 *fill*         0x08002a42        0x6 
 .text.ceil     0x08002a48      0x110 c:/ac6/systemworkbench/plugins/fr.ac6.mcu.externaltools.arm-none.win32_1.16.0.201807130628/tools/compiler/bin/../lib/gcc/arm-none-eabi/7.2.1/../../../../arm-none-eabi/lib/thumb/v7-m\libm.a(lib_a-s_ceil.o)
                0x08002a48                ceil
 .text.atoi     0x08002b58        0x8 c:/ac6/systemworkbench/plugins/fr.ac6.mcu.externaltools.arm-none.win32_1.16.0.201807130628/tools/compiler/bin/../lib/gcc/arm-none-eabi/7.2.1/../../../../arm-none-eabi/lib/thumb/v7-m\libc.a(lib_a-atoi.o)
                0x08002b58                atoi
 .text.__libc_init_array
                0x08002b60       0x48 c:/ac6/systemworkbench/plugins/fr.ac6.mcu.externaltools.arm-none.win32_1.16.0.201807130628/tools/compiler/bin/../lib/gcc/arm-none-eabi/7.2.1/../../../../arm-none-eabi/lib/thumb/v7-m\libc.a(lib_a-init.o)
                0x08002b60                __libc_init_array
 .text.__itoa   0x08002ba8       0x3c c:/ac6/systemworkbench/plugins/fr.ac6.mcu.externaltools.arm-none.win32_1.16.0.201807130628/tools/compiler/bin/../lib/gcc/arm-none-eabi/7.2.1/../../../../arm-none-eabi/lib/thumb/v7-m\libc.a(lib_a-itoa.o)
                0x08002ba8                __itoa
 .text.itoa     0x08002be4        0x4 c:/ac6/systemworkbench/plugins/fr.ac6.mcu.externaltools.arm-none.win32_1.16.0.201807130628/tools/compiler/bin/../lib/gcc/arm-none-eabi/7.2.1/../../../../arm-none-eabi/lib/thumb/v7-m\libc.a(lib_a-itoa.o)
                0x08002be4                itoa
 .text._strtol_l.isra.0
                0x08002be8      0x124 c:/ac6/systemworkbench/plugins/fr.ac6.mcu.externaltools.arm-none.win32_1.16.0.201807130628/tools/compiler/bin/../lib/gcc/arm-none-eabi/7.2.1/../../../../arm-none-eabi/lib/thumb/v7-m\libc.a(lib_a-strtol.o)
 .text.strtol   0x08002d0c       0x2c c:/ac6/systemworkbench/plugins/fr.ac6.mcu.externaltools.arm-none.win32_1.16.0.201807130628/tools/compiler/bin/../lib/gcc/arm-none-eabi/7.2.1/../../../../arm-none-eabi/lib/thumb/v7-m\libc.a(lib_a-strtol.o)
                0x08002d0c                strtol
 .text.__utoa   0x08002d38       0x80 c:/ac6/systemworkbench/plugins/fr.ac6.mcu.externaltools.arm-none.win32_1.16.0.201807130628/tools/compiler/bin/../lib/gcc/arm-none-eabi/7.2.1/../../../../arm-none-eabi/lib/thumb/v7-m\libc.a(lib_a-utoa.o)
                0x08002d38                __utoa
 .text.startup.register_fini
                0x08002db8       0x14 c:/ac6/systemworkbench/plugins/fr.ac6.mcu.externaltools.arm-none.win32_1.16.0.201807130628/tools/compiler/bin/../lib/gcc/arm-none-eabi/7.2.1/../../../../arm-none-eabi/lib/thumb/v7-m\libc.a(lib_a-__call_atexit.o)
 .text.atexit   0x08002dcc        0xc c:/ac6/systemworkbench/plugins/fr.ac6.mcu.externaltools.arm-none.win32_1.16.0.201807130628/tools/compiler/bin/../lib/gcc/arm-none-eabi/7.2.1/../../../../arm-none-eabi/lib/thumb/v7-m\libc.a(lib_a-atexit.o)
                0x08002dcc                atexit
 .text.__libc_fini_array
                0x08002dd8       0x34 c:/ac6/systemworkbench/plugins/fr.ac6.mcu.externaltools.arm-none.win32_1.16.0.201807130628/tools/compiler/bin/../lib/gcc/arm-none-eabi/7.2.1/../../../../arm-none-eabi/lib/thumb/v7-m\libc.a(lib_a-fini.o)
                0x08002dd8                __libc_fini_array
 .text.__locale_ctype_ptr_l
                0x08002e0c        0x8 c:/ac6/systemworkbench/plugins/fr.ac6.mcu.externaltools.arm-none.win32_1.16.0.201807130628/tools/compiler/bin/../lib/gcc/arm-none-eabi/7.2.1/../../../../arm-none-eabi/lib/thumb/v7-m\libc.a(lib_a-locale.o)
                0x08002e0c                __locale_ctype_ptr_l
 .text.__retarget_lock_acquire_recursive
                0x08002e14        0x4 c:/ac6/systemworkbench/plugins/fr.ac6.mcu.externaltools.arm-none.win32_1.16.0.201807130628/tools/compiler/bin/../lib/gcc/arm-none-eabi/7.2.1/../../../../arm-none-eabi/lib/thumb/v7-m\libc.a(lib_a-lock.o)
                0x08002e14                __retarget_lock_acquire_recursive
 .text.__retarget_lock_release_recursive
                0x08002e18        0x4 c:/ac6/systemworkbench/plugins/fr.ac6.mcu.externaltools.arm-none.win32_1.16.0.201807130628/tools/compiler/bin/../lib/gcc/arm-none-eabi/7.2.1/../../../../arm-none-eabi/lib/thumb/v7-m\libc.a(lib_a-lock.o)
                0x08002e18                __retarget_lock_release_recursive
 .text.__ascii_mbtowc
                0x08002e1c       0x2c c:/ac6/systemworkbench/plugins/fr.ac6.mcu.externaltools.arm-none.win32_1.16.0.201807130628/tools/compiler/bin/../lib/gcc/arm-none-eabi/7.2.1/../../../../arm-none-eabi/lib/thumb/v7-m\libc.a(lib_a-mbtowc_r.o)
                0x08002e1c                __ascii_mbtowc
 .text.__ascii_wctomb
                0x08002e48       0x18 c:/ac6/systemworkbench/plugins/fr.ac6.mcu.externaltools.arm-none.win32_1.16.0.201807130628/tools/compiler/bin/../lib/gcc/arm-none-eabi/7.2.1/../../../../arm-none-eabi/lib/thumb/v7-m\libc.a(lib_a-wctomb_r.o)
                0x08002e48                __ascii_wctomb
 .text.__register_exitproc
                0x08002e60       0xc0 c:/ac6/systemworkbench/plugins/fr.ac6.mcu.externaltools.arm-none.win32_1.16.0.201807130628/tools/compiler/bin/../lib/gcc/arm-none-eabi/7.2.1/../../../../arm-none-eabi/lib/thumb/v7-m\libc.a(lib_a-__atexit.o)
                0x08002e60                __register_exitproc
 *(.rodata)
 .rodata        0x08002f20       0xc0 src/main.o
                0x08002f20                sine
 *(.rodata*)
 .rodata._global_impure_ptr
                0x08002fe0        0x4 c:/ac6/systemworkbench/plugins/fr.ac6.mcu.externaltools.arm-none.win32_1.16.0.201807130628/tools/compiler/bin/../lib/gcc/arm-none-eabi/7.2.1/../../../../arm-none-eabi/lib/thumb/v7-m\libc.a(lib_a-impure.o)
                0x08002fe0                _global_impure_ptr
 .rodata.__utoa.str1.4
                0x08002fe4       0x25 c:/ac6/systemworkbench/plugins/fr.ac6.mcu.externaltools.arm-none.win32_1.16.0.201807130628/tools/compiler/bin/../lib/gcc/arm-none-eabi/7.2.1/../../../../arm-none-eabi/lib/thumb/v7-m\libc.a(lib_a-utoa.o)
 *fill*         0x08003009        0x3 
 .rodata._setlocale_r.str1.4
                0x0800300c        0xa c:/ac6/systemworkbench/plugins/fr.ac6.mcu.externaltools.arm-none.win32_1.16.0.201807130628/tools/compiler/bin/../lib/gcc/arm-none-eabi/7.2.1/../../../../arm-none-eabi/lib/thumb/v7-m\libc.a(lib_a-locale.o)
                                  0xd (size before relaxing)
 *fill*         0x08003016        0x2 
 .rodata.str1.4
                0x08003018        0x4 c:/ac6/systemworkbench/plugins/fr.ac6.mcu.externaltools.arm-none.win32_1.16.0.201807130628/tools/compiler/bin/../lib/gcc/arm-none-eabi/7.2.1/../../../../arm-none-eabi/lib/thumb/v7-m\libc.a(lib_a-locale.o)
                                  0x2 (size before relaxing)
 .rodata._ctype_
                0x0800301c      0x101 c:/ac6/systemworkbench/plugins/fr.ac6.mcu.externaltools.arm-none.win32_1.16.0.201807130628/tools/compiler/bin/../lib/gcc/arm-none-eabi/7.2.1/../../../../arm-none-eabi/lib/thumb/v7-m\libc.a(lib_a-ctype_.o)
                0x0800301c                _ctype_
 *(.glue_7)
 .glue_7        0x0800311d        0x0 linker stubs
 *(.glue_7t)
 .glue_7t       0x0800311d        0x0 linker stubs
 *(.eh_frame)
 *fill*         0x0800311d        0x3 
 .eh_frame      0x08003120        0x0 c:/ac6/systemworkbench/plugins/fr.ac6.mcu.externaltools.arm-none.win32_1.16.0.201807130628/tools/compiler/bin/../lib/gcc/arm-none-eabi/7.2.1/thumb/v7-m/crtbegin.o
 *(.init)
 .init          0x08003120        0x4 c:/ac6/systemworkbench/plugins/fr.ac6.mcu.externaltools.arm-none.win32_1.16.0.201807130628/tools/compiler/bin/../lib/gcc/arm-none-eabi/7.2.1/thumb/v7-m/crti.o
                0x08003120                _init
 .init          0x08003124        0x8 c:/ac6/systemworkbench/plugins/fr.ac6.mcu.externaltools.arm-none.win32_1.16.0.201807130628/tools/compiler/bin/../lib/gcc/arm-none-eabi/7.2.1/thumb/v7-m/crtn.o
 *(.fini)
 .fini          0x0800312c        0x4 c:/ac6/systemworkbench/plugins/fr.ac6.mcu.externaltools.arm-none.win32_1.16.0.201807130628/tools/compiler/bin/../lib/gcc/arm-none-eabi/7.2.1/thumb/v7-m/crti.o
                0x0800312c                _fini
 .fini          0x08003130        0x8 c:/ac6/systemworkbench/plugins/fr.ac6.mcu.externaltools.arm-none.win32_1.16.0.201807130628/tools/compiler/bin/../lib/gcc/arm-none-eabi/7.2.1/thumb/v7-m/crtn.o
                0x08003138                . = ALIGN (0x4)
                0x08003138                _etext = .

.vfp11_veneer   0x08003138        0x0
 .vfp11_veneer  0x08003138        0x0 linker stubs

.v4_bx          0x08003138        0x0
 .v4_bx         0x08003138        0x0 linker stubs

.iplt           0x08003138        0x0
 .iplt          0x08003138        0x0 c:/ac6/systemworkbench/plugins/fr.ac6.mcu.externaltools.arm-none.win32_1.16.0.201807130628/tools/compiler/bin/../lib/gcc/arm-none-eabi/7.2.1/thumb/v7-m/crtbegin.o

.rel.dyn        0x08003138        0x0
 .rel.iplt      0x08003138        0x0 c:/ac6/systemworkbench/plugins/fr.ac6.mcu.externaltools.arm-none.win32_1.16.0.201807130628/tools/compiler/bin/../lib/gcc/arm-none-eabi/7.2.1/thumb/v7-m/crtbegin.o

.ARM.extab
 *(.ARM.extab* .gnu.linkonce.armextab.*)

.ARM            0x08003138        0x0
                0x08003138                __exidx_start = .
 *(.ARM.exidx*)
                0x08003138                __exidx_end = .

.preinit_array  0x08003138        0x0
                0x08003138                PROVIDE (__preinit_array_start, .)
 *(.preinit_array*)
                0x08003138                PROVIDE (__preinit_array_end, .)

.init_array     0x08003138        0x8
                0x08003138                PROVIDE (__init_array_start, .)
 *(SORT_BY_NAME(.init_array.*))
 .init_array.00000
                0x08003138        0x4 c:/ac6/systemworkbench/plugins/fr.ac6.mcu.externaltools.arm-none.win32_1.16.0.201807130628/tools/compiler/bin/../lib/gcc/arm-none-eabi/7.2.1/../../../../arm-none-eabi/lib/thumb/v7-m\libc.a(lib_a-__call_atexit.o)
 *(.init_array*)
 .init_array    0x0800313c        0x4 c:/ac6/systemworkbench/plugins/fr.ac6.mcu.externaltools.arm-none.win32_1.16.0.201807130628/tools/compiler/bin/../lib/gcc/arm-none-eabi/7.2.1/thumb/v7-m/crtbegin.o
                0x08003140                PROVIDE (__init_array_end, .)

.fini_array     0x08003140        0x4
                0x08003140                PROVIDE (__fini_array_start, .)
 *(.fini_array*)
 .fini_array    0x08003140        0x4 c:/ac6/systemworkbench/plugins/fr.ac6.mcu.externaltools.arm-none.win32_1.16.0.201807130628/tools/compiler/bin/../lib/gcc/arm-none-eabi/7.2.1/thumb/v7-m/crtbegin.o
 *(SORT_BY_NAME(.fini_array.*))
                0x08003144                PROVIDE (__fini_array_end, .)
                0x08003144                _sidata = .

.data           0x20000000      0x5f0 load address 0x08003144
                0x20000000                . = ALIGN (0x4)
                0x20000000                _sdata = .
 *(.data)
 .data          0x20000000       0x1c StdPeriph_Driver/src/stm32l1xx_rcc.o
 .data          0x2000001c       0x14 src/main.o
                0x2000001c                string
                0x20000020                radix
                0x20000024                time
                0x20000028                ADC_Freq
                0x2000002c                DAC_Freq
 .data          0x20000030       0x20 src/system_stm32l1xx.o
                0x20000030                SystemCoreClock
                0x20000034                PLLMulTable
                0x20000040                AHBPrescTable
 *(.data*)
 .data._impure_ptr
                0x20000050        0x4 c:/ac6/systemworkbench/plugins/fr.ac6.mcu.externaltools.arm-none.win32_1.16.0.201807130628/tools/compiler/bin/../lib/gcc/arm-none-eabi/7.2.1/../../../../arm-none-eabi/lib/thumb/v7-m\libc.a(lib_a-impure.o)
                0x20000050                _impure_ptr
 *fill*         0x20000054        0x4 
 .data.impure_data
                0x20000058      0x428 c:/ac6/systemworkbench/plugins/fr.ac6.mcu.externaltools.arm-none.win32_1.16.0.201807130628/tools/compiler/bin/../lib/gcc/arm-none-eabi/7.2.1/../../../../arm-none-eabi/lib/thumb/v7-m\libc.a(lib_a-impure.o)
 .data.__atexit_recursive_mutex
                0x20000480        0x4 c:/ac6/systemworkbench/plugins/fr.ac6.mcu.externaltools.arm-none.win32_1.16.0.201807130628/tools/compiler/bin/../lib/gcc/arm-none-eabi/7.2.1/../../../../arm-none-eabi/lib/thumb/v7-m\libc.a(lib_a-__call_atexit.o)
                0x20000480                __atexit_recursive_mutex
 .data.__global_locale
                0x20000484      0x16c c:/ac6/systemworkbench/plugins/fr.ac6.mcu.externaltools.arm-none.win32_1.16.0.201807130628/tools/compiler/bin/../lib/gcc/arm-none-eabi/7.2.1/../../../../arm-none-eabi/lib/thumb/v7-m\libc.a(lib_a-locale.o)
                0x20000484                __global_locale
                0x200005f0                . = ALIGN (0x4)
                0x200005f0                _edata = .

.igot.plt       0x200005f0        0x0 load address 0x08003734
 .igot.plt      0x200005f0        0x0 c:/ac6/systemworkbench/plugins/fr.ac6.mcu.externaltools.arm-none.win32_1.16.0.201807130628/tools/compiler/bin/../lib/gcc/arm-none-eabi/7.2.1/thumb/v7-m/crtbegin.o
                0x200005f0                . = ALIGN (0x4)

.bss            0x200005f0     0x3944 load address 0x08003734
                0x200005f0                _sbss = .
                0x200005f0                __bss_start__ = _sbss
 *(.bss)
 .bss           0x200005f0       0x1c c:/ac6/systemworkbench/plugins/fr.ac6.mcu.externaltools.arm-none.win32_1.16.0.201807130628/tools/compiler/bin/../lib/gcc/arm-none-eabi/7.2.1/thumb/v7-m/crtbegin.o
 .bss           0x2000060c       0x10 src/main.o
                0x2000060c                q
                0x20000610                usart_bit
                0x20000611                flag
                0x20000614                num
                0x20000618                h
 *(.bss*)
 *(COMMON)
 COMMON         0x2000061c     0x38f4 src/main.o
                0x2000061c                p
                0x20000620                argument
                0x20000820                buff
                0x20000a20                command
                0x20000c20                meas_res
                0x20003b00                ADC_Result2
                0x20003b04                buffer
                0x20003eec                usartData
                0x20003ef0                pins
                0x20003f0c                ADC_Result
 COMMON         0x20003f10       0x21 c:/ac6/systemworkbench/plugins/fr.ac6.mcu.externaltools.arm-none.win32_1.16.0.201807130628/tools/compiler/bin/../lib/gcc/arm-none-eabi/7.2.1/../../../../arm-none-eabi/lib/thumb/v7-m\libc.a(lib_a-lock.o)
                0x20003f10                __lock___atexit_recursive_mutex
                0x20003f14                __lock___arc4random_mutex
                0x20003f18                __lock___env_recursive_mutex
                0x20003f1c                __lock___sinit_recursive_mutex
                0x20003f20                __lock___malloc_recursive_mutex
                0x20003f24                __lock___at_quick_exit_mutex
                0x20003f28                __lock___dd_hash_mutex
                0x20003f2c                __lock___tz_mutex
                0x20003f30                __lock___sfp_recursive_mutex
                0x20003f34                . = ALIGN (0x4)
 *fill*         0x20003f31        0x3 
                0x20003f34                _ebss = .
                0x20003f34                __bss_end__ = _ebss

._user_heap_stack
                0x20003f34       0x84 load address 0x08007078
                0x20003f38                . = ALIGN (0x8)
 *fill*         0x20003f34        0x4 
                0x20003f38                PROVIDE (end, .)
                [!provide]                PROVIDE (_end, .)
                0x20003f38                . = (. + _Min_Heap_Size)
                0x20003fb8                . = (. + _Min_Stack_Size)
 *fill*         0x20003f38       0x80 
                0x20003fb8                . = ALIGN (0x8)

.memory_b1_text
 *(.mb1text)
 *(.mb1text*)
 *(.mb1rodata)
 *(.mb1rodata*)

/DISCARD/
 libc.a(*)
 libm.a(*)
 libgcc.a(*)

.ARM.attributes
                0x00000000       0x29
 *(.ARM.attributes)
 .ARM.attributes
                0x00000000       0x1d c:/ac6/systemworkbench/plugins/fr.ac6.mcu.externaltools.arm-none.win32_1.16.0.201807130628/tools/compiler/bin/../lib/gcc/arm-none-eabi/7.2.1/thumb/v7-m/crti.o
 .ARM.attributes
                0x0000001d       0x2d c:/ac6/systemworkbench/plugins/fr.ac6.mcu.externaltools.arm-none.win32_1.16.0.201807130628/tools/compiler/bin/../lib/gcc/arm-none-eabi/7.2.1/thumb/v7-m/crtbegin.o
 .ARM.attributes
                0x0000004a       0x33 StdPeriph_Driver/src/stm32l1xx_adc.o
 .ARM.attributes
                0x0000007d       0x33 StdPeriph_Driver/src/stm32l1xx_dac.o
 .ARM.attributes
                0x000000b0       0x33 StdPeriph_Driver/src/stm32l1xx_dma.o
 .ARM.attributes
                0x000000e3       0x33 StdPeriph_Driver/src/stm32l1xx_gpio.o
 .ARM.attributes
                0x00000116       0x33 StdPeriph_Driver/src/stm32l1xx_rcc.o
 .ARM.attributes
                0x00000149       0x33 StdPeriph_Driver/src/stm32l1xx_tim.o
 .ARM.attributes
                0x0000017c       0x33 StdPeriph_Driver/src/stm32l1xx_usart.o
 .ARM.attributes
                0x000001af       0x33 src/Utilities.o
 .ARM.attributes
                0x000001e2       0x33 src/main.o
 .ARM.attributes
                0x00000215       0x33 src/system_stm32l1xx.o
 .ARM.attributes
                0x00000248       0x33 src/uart.o
 .ARM.attributes
                0x0000027b       0x21 startup/startup_stm32l1xx_md.o
 .ARM.attributes
                0x0000029c       0x2d c:/ac6/systemworkbench/plugins/fr.ac6.mcu.externaltools.arm-none.win32_1.16.0.201807130628/tools/compiler/bin/../lib/gcc/arm-none-eabi/7.2.1/../../../../arm-none-eabi/lib/thumb/v7-m\libm.a(lib_a-s_ceil.o)
 .ARM.attributes
                0x000002c9       0x1d c:/ac6/systemworkbench/plugins/fr.ac6.mcu.externaltools.arm-none.win32_1.16.0.201807130628/tools/compiler/bin/../lib/gcc/arm-none-eabi/7.2.1/thumb/v7-m\libgcc.a(_arm_addsubdf3.o)
 .ARM.attributes
                0x000002e6       0x1d c:/ac6/systemworkbench/plugins/fr.ac6.mcu.externaltools.arm-none.win32_1.16.0.201807130628/tools/compiler/bin/../lib/gcc/arm-none-eabi/7.2.1/thumb/v7-m\libgcc.a(_arm_cmpdf2.o)
 .ARM.attributes
                0x00000303       0x1d c:/ac6/systemworkbench/plugins/fr.ac6.mcu.externaltools.arm-none.win32_1.16.0.201807130628/tools/compiler/bin/../lib/gcc/arm-none-eabi/7.2.1/thumb/v7-m\libgcc.a(_arm_fixdfsi.o)
 .ARM.attributes
                0x00000320       0x1d c:/ac6/systemworkbench/plugins/fr.ac6.mcu.externaltools.arm-none.win32_1.16.0.201807130628/tools/compiler/bin/../lib/gcc/arm-none-eabi/7.2.1/thumb/v7-m\libgcc.a(_arm_addsubsf3.o)
 .ARM.attributes
                0x0000033d       0x1d c:/ac6/systemworkbench/plugins/fr.ac6.mcu.externaltools.arm-none.win32_1.16.0.201807130628/tools/compiler/bin/../lib/gcc/arm-none-eabi/7.2.1/thumb/v7-m\libgcc.a(_arm_fixsfsi.o)
 .ARM.attributes
                0x0000035a       0x2d c:/ac6/systemworkbench/plugins/fr.ac6.mcu.externaltools.arm-none.win32_1.16.0.201807130628/tools/compiler/bin/../lib/gcc/arm-none-eabi/7.2.1/../../../../arm-none-eabi/lib/thumb/v7-m\libc.a(lib_a-atoi.o)
 .ARM.attributes
                0x00000387       0x2d c:/ac6/systemworkbench/plugins/fr.ac6.mcu.externaltools.arm-none.win32_1.16.0.201807130628/tools/compiler/bin/../lib/gcc/arm-none-eabi/7.2.1/../../../../arm-none-eabi/lib/thumb/v7-m\libc.a(lib_a-impure.o)
 .ARM.attributes
                0x000003b4       0x2d c:/ac6/systemworkbench/plugins/fr.ac6.mcu.externaltools.arm-none.win32_1.16.0.201807130628/tools/compiler/bin/../lib/gcc/arm-none-eabi/7.2.1/../../../../arm-none-eabi/lib/thumb/v7-m\libc.a(lib_a-init.o)
 .ARM.attributes
                0x000003e1       0x2d c:/ac6/systemworkbench/plugins/fr.ac6.mcu.externaltools.arm-none.win32_1.16.0.201807130628/tools/compiler/bin/../lib/gcc/arm-none-eabi/7.2.1/../../../../arm-none-eabi/lib/thumb/v7-m\libc.a(lib_a-itoa.o)
 .ARM.attributes
                0x0000040e       0x1b c:/ac6/systemworkbench/plugins/fr.ac6.mcu.externaltools.arm-none.win32_1.16.0.201807130628/tools/compiler/bin/../lib/gcc/arm-none-eabi/7.2.1/../../../../arm-none-eabi/lib/thumb/v7-m\libc.a(lib_a-strcmp.o)
 .ARM.attributes
                0x00000429       0x2d c:/ac6/systemworkbench/plugins/fr.ac6.mcu.externaltools.arm-none.win32_1.16.0.201807130628/tools/compiler/bin/../lib/gcc/arm-none-eabi/7.2.1/../../../../arm-none-eabi/lib/thumb/v7-m\libc.a(lib_a-strtol.o)
 .ARM.attributes
                0x00000456       0x2d c:/ac6/systemworkbench/plugins/fr.ac6.mcu.externaltools.arm-none.win32_1.16.0.201807130628/tools/compiler/bin/../lib/gcc/arm-none-eabi/7.2.1/../../../../arm-none-eabi/lib/thumb/v7-m\libc.a(lib_a-utoa.o)
 .ARM.attributes
                0x00000483       0x2d c:/ac6/systemworkbench/plugins/fr.ac6.mcu.externaltools.arm-none.win32_1.16.0.201807130628/tools/compiler/bin/../lib/gcc/arm-none-eabi/7.2.1/../../../../arm-none-eabi/lib/thumb/v7-m\libc.a(lib_a-__call_atexit.o)
 .ARM.attributes
                0x000004b0       0x2d c:/ac6/systemworkbench/plugins/fr.ac6.mcu.externaltools.arm-none.win32_1.16.0.201807130628/tools/compiler/bin/../lib/gcc/arm-none-eabi/7.2.1/../../../../arm-none-eabi/lib/thumb/v7-m\libc.a(lib_a-atexit.o)
 .ARM.attributes
                0x000004dd       0x2d c:/ac6/systemworkbench/plugins/fr.ac6.mcu.externaltools.arm-none.win32_1.16.0.201807130628/tools/compiler/bin/../lib/gcc/arm-none-eabi/7.2.1/../../../../arm-none-eabi/lib/thumb/v7-m\libc.a(lib_a-fini.o)
 .ARM.attributes
                0x0000050a       0x2d c:/ac6/systemworkbench/plugins/fr.ac6.mcu.externaltools.arm-none.win32_1.16.0.201807130628/tools/compiler/bin/../lib/gcc/arm-none-eabi/7.2.1/../../../../arm-none-eabi/lib/thumb/v7-m\libc.a(lib_a-locale.o)
 .ARM.attributes
                0x00000537       0x2d c:/ac6/systemworkbench/plugins/fr.ac6.mcu.externaltools.arm-none.win32_1.16.0.201807130628/tools/compiler/bin/../lib/gcc/arm-none-eabi/7.2.1/../../../../arm-none-eabi/lib/thumb/v7-m\libc.a(lib_a-lock.o)
 .ARM.attributes
                0x00000564       0x2d c:/ac6/systemworkbench/plugins/fr.ac6.mcu.externaltools.arm-none.win32_1.16.0.201807130628/tools/compiler/bin/../lib/gcc/arm-none-eabi/7.2.1/../../../../arm-none-eabi/lib/thumb/v7-m\libc.a(lib_a-mbtowc_r.o)
 .ARM.attributes
                0x00000591       0x2d c:/ac6/systemworkbench/plugins/fr.ac6.mcu.externaltools.arm-none.win32_1.16.0.201807130628/tools/compiler/bin/../lib/gcc/arm-none-eabi/7.2.1/../../../../arm-none-eabi/lib/thumb/v7-m\libc.a(lib_a-wctomb_r.o)
 .ARM.attributes
                0x000005be       0x2d c:/ac6/systemworkbench/plugins/fr.ac6.mcu.externaltools.arm-none.win32_1.16.0.201807130628/tools/compiler/bin/../lib/gcc/arm-none-eabi/7.2.1/../../../../arm-none-eabi/lib/thumb/v7-m\libc.a(lib_a-__atexit.o)
 .ARM.attributes
                0x000005eb       0x2d c:/ac6/systemworkbench/plugins/fr.ac6.mcu.externaltools.arm-none.win32_1.16.0.201807130628/tools/compiler/bin/../lib/gcc/arm-none-eabi/7.2.1/../../../../arm-none-eabi/lib/thumb/v7-m\libc.a(lib_a-ctype_.o)
 .ARM.attributes
                0x00000618       0x1d c:/ac6/systemworkbench/plugins/fr.ac6.mcu.externaltools.arm-none.win32_1.16.0.201807130628/tools/compiler/bin/../lib/gcc/arm-none-eabi/7.2.1/thumb/v7-m/crtn.o

.DataFlash
 *(.DataFlash)
OUTPUT(smartswitchcontrol.elf elf32-littlearm)

.debug_info     0x00000000     0x771c
 .debug_info    0x00000000      0xcbb StdPeriph_Driver/src/stm32l1xx_adc.o
 .debug_info    0x00000cbb      0x650 StdPeriph_Driver/src/stm32l1xx_dac.o
 .debug_info    0x0000130b      0x485 StdPeriph_Driver/src/stm32l1xx_dma.o
 .debug_info    0x00001790      0x660 StdPeriph_Driver/src/stm32l1xx_gpio.o
 .debug_info    0x00001df0      0xa34 StdPeriph_Driver/src/stm32l1xx_rcc.o
 .debug_info    0x00002824     0x1975 StdPeriph_Driver/src/stm32l1xx_tim.o
 .debug_info    0x00004199      0x9d4 StdPeriph_Driver/src/stm32l1xx_usart.o
 .debug_info    0x00004b6d      0xb08 src/Utilities.o
 .debug_info    0x00005675     0x18cf src/main.o
 .debug_info    0x00006f44      0x56d src/system_stm32l1xx.o
 .debug_info    0x000074b1      0x249 src/uart.o
 .debug_info    0x000076fa       0x22 startup/startup_stm32l1xx_md.o

.debug_abbrev   0x00000000     0x1405
 .debug_abbrev  0x00000000      0x196 StdPeriph_Driver/src/stm32l1xx_adc.o
 .debug_abbrev  0x00000196      0x196 StdPeriph_Driver/src/stm32l1xx_dac.o
 .debug_abbrev  0x0000032c      0x187 StdPeriph_Driver/src/stm32l1xx_dma.o
 .debug_abbrev  0x000004b3      0x1bf StdPeriph_Driver/src/stm32l1xx_gpio.o
 .debug_abbrev  0x00000672      0x1fd StdPeriph_Driver/src/stm32l1xx_rcc.o
 .debug_abbrev  0x0000086f      0x1c8 StdPeriph_Driver/src/stm32l1xx_tim.o
 .debug_abbrev  0x00000a37      0x187 StdPeriph_Driver/src/stm32l1xx_usart.o
 .debug_abbrev  0x00000bbe      0x212 src/Utilities.o
 .debug_abbrev  0x00000dd0      0x391 src/main.o
 .debug_abbrev  0x00001161      0x16c src/system_stm32l1xx.o
 .debug_abbrev  0x000012cd      0x126 src/uart.o
 .debug_abbrev  0x000013f3       0x12 startup/startup_stm32l1xx_md.o

.debug_aranges  0x00000000      0x930
 .debug_aranges
                0x00000000      0x148 StdPeriph_Driver/src/stm32l1xx_adc.o
 .debug_aranges
                0x00000148       0xa0 StdPeriph_Driver/src/stm32l1xx_dac.o
 .debug_aranges
                0x000001e8       0x70 StdPeriph_Driver/src/stm32l1xx_dma.o
 .debug_aranges
                0x00000258       0x88 StdPeriph_Driver/src/stm32l1xx_gpio.o
 .debug_aranges
                0x000002e0      0x148 StdPeriph_Driver/src/stm32l1xx_rcc.o
 .debug_aranges
                0x00000428      0x2b8 StdPeriph_Driver/src/stm32l1xx_tim.o
 .debug_aranges
                0x000006e0      0x100 StdPeriph_Driver/src/stm32l1xx_usart.o
 .debug_aranges
                0x000007e0       0x38 src/Utilities.o
 .debug_aranges
                0x00000818       0x98 src/main.o
 .debug_aranges
                0x000008b0       0x30 src/system_stm32l1xx.o
 .debug_aranges
                0x000008e0       0x28 src/uart.o
 .debug_aranges
                0x00000908       0x28 startup/startup_stm32l1xx_md.o

.debug_ranges   0x00000000      0x878
 .debug_ranges  0x00000000      0x138 StdPeriph_Driver/src/stm32l1xx_adc.o
 .debug_ranges  0x00000138       0x90 StdPeriph_Driver/src/stm32l1xx_dac.o
 .debug_ranges  0x000001c8       0x60 StdPeriph_Driver/src/stm32l1xx_dma.o
 .debug_ranges  0x00000228       0x78 StdPeriph_Driver/src/stm32l1xx_gpio.o
 .debug_ranges  0x000002a0      0x138 StdPeriph_Driver/src/stm32l1xx_rcc.o
 .debug_ranges  0x000003d8      0x2a8 StdPeriph_Driver/src/stm32l1xx_tim.o
 .debug_ranges  0x00000680       0xf0 StdPeriph_Driver/src/stm32l1xx_usart.o
 .debug_ranges  0x00000770       0x28 src/Utilities.o
 .debug_ranges  0x00000798       0x88 src/main.o
 .debug_ranges  0x00000820       0x20 src/system_stm32l1xx.o
 .debug_ranges  0x00000840       0x18 src/uart.o
 .debug_ranges  0x00000858       0x20 startup/startup_stm32l1xx_md.o

.debug_macro    0x00000000     0x38f9
 .debug_macro   0x00000000      0x21d StdPeriph_Driver/src/stm32l1xx_adc.o
 .debug_macro   0x0000021d       0x88 StdPeriph_Driver/src/stm32l1xx_adc.o
 .debug_macro   0x000002a5      0x1b9 StdPeriph_Driver/src/stm32l1xx_dac.o
 .debug_macro   0x0000045e      0x179 StdPeriph_Driver/src/stm32l1xx_dac.o
 .debug_macro   0x000005d7      0x1e1 StdPeriph_Driver/src/stm32l1xx_dma.o
 .debug_macro   0x000007b8      0x3a8 StdPeriph_Driver/src/stm32l1xx_dma.o
 .debug_macro   0x00000b60      0x18d StdPeriph_Driver/src/stm32l1xx_gpio.o
 .debug_macro   0x00000ced      0x1fd StdPeriph_Driver/src/stm32l1xx_gpio.o
 .debug_macro   0x00000eea      0x22f StdPeriph_Driver/src/stm32l1xx_rcc.o
 .debug_macro   0x00001119      0x40d StdPeriph_Driver/src/stm32l1xx_rcc.o
 .debug_macro   0x00001526      0x1a0 StdPeriph_Driver/src/stm32l1xx_tim.o
 .debug_macro   0x000016c6      0x669 StdPeriph_Driver/src/stm32l1xx_tim.o
 .debug_macro   0x00001d2f      0x1a5 StdPeriph_Driver/src/stm32l1xx_usart.o
 .debug_macro   0x00001ed4      0x21a StdPeriph_Driver/src/stm32l1xx_usart.o
 .debug_macro   0x000020ee      0x251 src/Utilities.o
 .debug_macro   0x0000233f       0x17 src/Utilities.o
 .debug_macro   0x00002356       0x58 src/Utilities.o
 .debug_macro   0x000023ae       0x35 src/Utilities.o
 .debug_macro   0x000023e3       0x9c src/Utilities.o
 .debug_macro   0x0000247f       0x16 src/Utilities.o
 .debug_macro   0x00002495      0x10e src/Utilities.o
 .debug_macro   0x000025a3       0x8d src/Utilities.o
 .debug_macro   0x00002630       0x58 src/Utilities.o
 .debug_macro   0x00002688       0x1f src/Utilities.o
 .debug_macro   0x000026a7       0x43 src/Utilities.o
 .debug_macro   0x000026ea       0x20 src/Utilities.o
 .debug_macro   0x0000270a      0x18e src/Utilities.o
 .debug_macro   0x00002898      0x330 src/Utilities.o
 .debug_macro   0x00002bc8       0x16 src/Utilities.o
 .debug_macro   0x00002bde       0x29 src/Utilities.o
 .debug_macro   0x00002c07       0x16 src/Utilities.o
 .debug_macro   0x00002c1d      0x2df src/main.o
 .debug_macro   0x00002efc      0x174 src/main.o
 .debug_macro   0x00003070       0x10 src/main.o
 .debug_macro   0x00003080       0x35 src/main.o
 .debug_macro   0x000030b5      0x35f src/main.o
 .debug_macro   0x00003414      0x1e1 src/main.o
 .debug_macro   0x000035f5      0x185 src/system_stm32l1xx.o
 .debug_macro   0x0000377a      0x17f src/uart.o

.debug_line     0x00000000     0x565e
 .debug_line    0x00000000      0x90f StdPeriph_Driver/src/stm32l1xx_adc.o
 .debug_line    0x0000090f      0x6d3 StdPeriph_Driver/src/stm32l1xx_dac.o
 .debug_line    0x00000fe2      0x6b4 StdPeriph_Driver/src/stm32l1xx_dma.o
 .debug_line    0x00001696      0x6e1 StdPeriph_Driver/src/stm32l1xx_gpio.o
 .debug_line    0x00001d77      0x89e StdPeriph_Driver/src/stm32l1xx_rcc.o
 .debug_line    0x00002615      0xd06 StdPeriph_Driver/src/stm32l1xx_tim.o
 .debug_line    0x0000331b      0x817 StdPeriph_Driver/src/stm32l1xx_usart.o
 .debug_line    0x00003b32      0x647 src/Utilities.o
 .debug_line    0x00004179      0x90e src/main.o
 .debug_line    0x00004a87      0x5e5 src/system_stm32l1xx.o
 .debug_line    0x0000506c      0x574 src/uart.o
 .debug_line    0x000055e0       0x7e startup/startup_stm32l1xx_md.o

.debug_str      0x00000000    0x5641c
 .debug_str     0x00000000    0x4ebf5 StdPeriph_Driver/src/stm32l1xx_adc.o
                              0x4eda6 (size before relaxing)
 .debug_str     0x0004ebf5      0x366 StdPeriph_Driver/src/stm32l1xx_dac.o
                              0x4e7be (size before relaxing)
 .debug_str     0x0004ef5b      0x6d6 StdPeriph_Driver/src/stm32l1xx_dma.o
                              0x4eafc (size before relaxing)
 .debug_str     0x0004f631      0x318 StdPeriph_Driver/src/stm32l1xx_gpio.o
                              0x4e72a (size before relaxing)
 .debug_str     0x0004f949      0x9a3 StdPeriph_Driver/src/stm32l1xx_rcc.o
                              0x4ee0a (size before relaxing)
 .debug_str     0x000502ec      0xa77 StdPeriph_Driver/src/stm32l1xx_tim.o
                              0x4ef07 (size before relaxing)
 .debug_str     0x00050d63      0x533 StdPeriph_Driver/src/stm32l1xx_usart.o
                              0x4ea15 (size before relaxing)
 .debug_str     0x00051296     0x317e src/Utilities.o
                              0x5162e (size before relaxing)
 .debug_str     0x00054414     0x1ea1 src/main.o
                              0x5396a (size before relaxing)
 .debug_str     0x000562b5      0x110 src/system_stm32l1xx.o
                              0x4e5b4 (size before relaxing)
 .debug_str     0x000563c5       0x26 src/uart.o
                              0x4e471 (size before relaxing)
 .debug_str     0x000563eb       0x31 startup/startup_stm32l1xx_md.o
                                 0x5a (size before relaxing)

.comment        0x00000000       0x7e
 .comment       0x00000000       0x7e StdPeriph_Driver/src/stm32l1xx_adc.o
                                 0x7f (size before relaxing)
 .comment       0x0000007e       0x7f StdPeriph_Driver/src/stm32l1xx_dac.o
 .comment       0x0000007e       0x7f StdPeriph_Driver/src/stm32l1xx_dma.o
 .comment       0x0000007e       0x7f StdPeriph_Driver/src/stm32l1xx_gpio.o
 .comment       0x0000007e       0x7f StdPeriph_Driver/src/stm32l1xx_rcc.o
 .comment       0x0000007e       0x7f StdPeriph_Driver/src/stm32l1xx_tim.o
 .comment       0x0000007e       0x7f StdPeriph_Driver/src/stm32l1xx_usart.o
 .comment       0x0000007e       0x7f src/Utilities.o
 .comment       0x0000007e       0x7f src/main.o
 .comment       0x0000007e       0x7f src/system_stm32l1xx.o
 .comment       0x0000007e       0x7f src/uart.o

.debug_frame    0x00000000     0x2e58
 .debug_frame   0x00000000      0x5fc StdPeriph_Driver/src/stm32l1xx_adc.o
 .debug_frame   0x000005fc      0x2ac StdPeriph_Driver/src/stm32l1xx_dac.o
 .debug_frame   0x000008a8      0x1c8 StdPeriph_Driver/src/stm32l1xx_dma.o
 .debug_frame   0x00000a70      0x23c StdPeriph_Driver/src/stm32l1xx_gpio.o
 .debug_frame   0x00000cac      0x5e4 StdPeriph_Driver/src/stm32l1xx_rcc.o
 .debug_frame   0x00001290      0xd14 StdPeriph_Driver/src/stm32l1xx_tim.o
 .debug_frame   0x00001fa4      0x490 StdPeriph_Driver/src/stm32l1xx_usart.o
 .debug_frame   0x00002434       0xa0 src/Utilities.o
 .debug_frame   0x000024d4      0x23c src/main.o
 .debug_frame   0x00002710       0x7c src/system_stm32l1xx.o
 .debug_frame   0x0000278c       0x58 src/uart.o
 .debug_frame   0x000027e4       0x34 c:/ac6/systemworkbench/plugins/fr.ac6.mcu.externaltools.arm-none.win32_1.16.0.201807130628/tools/compiler/bin/../lib/gcc/arm-none-eabi/7.2.1/../../../../arm-none-eabi/lib/thumb/v7-m\libm.a(lib_a-s_ceil.o)
 .debug_frame   0x00002818       0xac c:/ac6/systemworkbench/plugins/fr.ac6.mcu.externaltools.arm-none.win32_1.16.0.201807130628/tools/compiler/bin/../lib/gcc/arm-none-eabi/7.2.1/thumb/v7-m\libgcc.a(_arm_addsubdf3.o)
 .debug_frame   0x000028c4       0xc4 c:/ac6/systemworkbench/plugins/fr.ac6.mcu.externaltools.arm-none.win32_1.16.0.201807130628/tools/compiler/bin/../lib/gcc/arm-none-eabi/7.2.1/thumb/v7-m\libgcc.a(_arm_cmpdf2.o)
 .debug_frame   0x00002988       0x24 c:/ac6/systemworkbench/plugins/fr.ac6.mcu.externaltools.arm-none.win32_1.16.0.201807130628/tools/compiler/bin/../lib/gcc/arm-none-eabi/7.2.1/thumb/v7-m\libgcc.a(_arm_fixdfsi.o)
 .debug_frame   0x000029ac       0x4c c:/ac6/systemworkbench/plugins/fr.ac6.mcu.externaltools.arm-none.win32_1.16.0.201807130628/tools/compiler/bin/../lib/gcc/arm-none-eabi/7.2.1/thumb/v7-m\libgcc.a(_arm_addsubsf3.o)
 .debug_frame   0x000029f8       0x24 c:/ac6/systemworkbench/plugins/fr.ac6.mcu.externaltools.arm-none.win32_1.16.0.201807130628/tools/compiler/bin/../lib/gcc/arm-none-eabi/7.2.1/thumb/v7-m\libgcc.a(_arm_fixsfsi.o)
 .debug_frame   0x00002a1c       0x30 c:/ac6/systemworkbench/plugins/fr.ac6.mcu.externaltools.arm-none.win32_1.16.0.201807130628/tools/compiler/bin/../lib/gcc/arm-none-eabi/7.2.1/../../../../arm-none-eabi/lib/thumb/v7-m\libc.a(lib_a-atoi.o)
 .debug_frame   0x00002a4c       0x2c c:/ac6/systemworkbench/plugins/fr.ac6.mcu.externaltools.arm-none.win32_1.16.0.201807130628/tools/compiler/bin/../lib/gcc/arm-none-eabi/7.2.1/../../../../arm-none-eabi/lib/thumb/v7-m\libc.a(lib_a-init.o)
 .debug_frame   0x00002a78       0x3c c:/ac6/systemworkbench/plugins/fr.ac6.mcu.externaltools.arm-none.win32_1.16.0.201807130628/tools/compiler/bin/../lib/gcc/arm-none-eabi/7.2.1/../../../../arm-none-eabi/lib/thumb/v7-m\libc.a(lib_a-itoa.o)
 .debug_frame   0x00002ab4       0x34 c:/ac6/systemworkbench/plugins/fr.ac6.mcu.externaltools.arm-none.win32_1.16.0.201807130628/tools/compiler/bin/../lib/gcc/arm-none-eabi/7.2.1/../../../../arm-none-eabi/lib/thumb/v7-m\libc.a(lib_a-strcmp.o)
 .debug_frame   0x00002ae8       0x9c c:/ac6/systemworkbench/plugins/fr.ac6.mcu.externaltools.arm-none.win32_1.16.0.201807130628/tools/compiler/bin/../lib/gcc/arm-none-eabi/7.2.1/../../../../arm-none-eabi/lib/thumb/v7-m\libc.a(lib_a-strtol.o)
 .debug_frame   0x00002b84       0x4c c:/ac6/systemworkbench/plugins/fr.ac6.mcu.externaltools.arm-none.win32_1.16.0.201807130628/tools/compiler/bin/../lib/gcc/arm-none-eabi/7.2.1/../../../../arm-none-eabi/lib/thumb/v7-m\libc.a(lib_a-utoa.o)
 .debug_frame   0x00002bd0       0x5c c:/ac6/systemworkbench/plugins/fr.ac6.mcu.externaltools.arm-none.win32_1.16.0.201807130628/tools/compiler/bin/../lib/gcc/arm-none-eabi/7.2.1/../../../../arm-none-eabi/lib/thumb/v7-m\libc.a(lib_a-__call_atexit.o)
 .debug_frame   0x00002c2c       0x20 c:/ac6/systemworkbench/plugins/fr.ac6.mcu.externaltools.arm-none.win32_1.16.0.201807130628/tools/compiler/bin/../lib/gcc/arm-none-eabi/7.2.1/../../../../arm-none-eabi/lib/thumb/v7-m\libc.a(lib_a-atexit.o)
 .debug_frame   0x00002c4c       0x34 c:/ac6/systemworkbench/plugins/fr.ac6.mcu.externaltools.arm-none.win32_1.16.0.201807130628/tools/compiler/bin/../lib/gcc/arm-none-eabi/7.2.1/../../../../arm-none-eabi/lib/thumb/v7-m\libc.a(lib_a-fini.o)
 .debug_frame   0x00002c80       0x6c c:/ac6/systemworkbench/plugins/fr.ac6.mcu.externaltools.arm-none.win32_1.16.0.201807130628/tools/compiler/bin/../lib/gcc/arm-none-eabi/7.2.1/../../../../arm-none-eabi/lib/thumb/v7-m\libc.a(lib_a-locale.o)
 .debug_frame   0x00002cec       0xb0 c:/ac6/systemworkbench/plugins/fr.ac6.mcu.externaltools.arm-none.win32_1.16.0.201807130628/tools/compiler/bin/../lib/gcc/arm-none-eabi/7.2.1/../../../../arm-none-eabi/lib/thumb/v7-m\libc.a(lib_a-lock.o)
 .debug_frame   0x00002d9c       0x4c c:/ac6/systemworkbench/plugins/fr.ac6.mcu.externaltools.arm-none.win32_1.16.0.201807130628/tools/compiler/bin/../lib/gcc/arm-none-eabi/7.2.1/../../../../arm-none-eabi/lib/thumb/v7-m\libc.a(lib_a-mbtowc_r.o)
 .debug_frame   0x00002de8       0x3c c:/ac6/systemworkbench/plugins/fr.ac6.mcu.externaltools.arm-none.win32_1.16.0.201807130628/tools/compiler/bin/../lib/gcc/arm-none-eabi/7.2.1/../../../../arm-none-eabi/lib/thumb/v7-m\libc.a(lib_a-wctomb_r.o)
 .debug_frame   0x00002e24       0x34 c:/ac6/systemworkbench/plugins/fr.ac6.mcu.externaltools.arm-none.win32_1.16.0.201807130628/tools/compiler/bin/../lib/gcc/arm-none-eabi/7.2.1/../../../../arm-none-eabi/lib/thumb/v7-m\libc.a(lib_a-__atexit.o)
