Archive member included to satisfy reference by file (symbol)

c:/ac6/systemworkbench/plugins/fr.ac6.mcu.externaltools.arm-none.win32_1.16.0.201807130628/tools/compiler/bin/../lib/gcc/arm-none-eabi/7.2.1/../../../../arm-none-eabi/lib/thumb/v7-m\libc.a(lib_a-atoi.o)
                              src/main.o (atoi)
c:/ac6/systemworkbench/plugins/fr.ac6.mcu.externaltools.arm-none.win32_1.16.0.201807130628/tools/compiler/bin/../lib/gcc/arm-none-eabi/7.2.1/../../../../arm-none-eabi/lib/thumb/v7-m\libc.a(lib_a-errno.o)
                              src/syscalls.o (__errno)
c:/ac6/systemworkbench/plugins/fr.ac6.mcu.externaltools.arm-none.win32_1.16.0.201807130628/tools/compiler/bin/../lib/gcc/arm-none-eabi/7.2.1/../../../../arm-none-eabi/lib/thumb/v7-m\libc.a(lib_a-exit.o)
                              c:/ac6/systemworkbench/plugins/fr.ac6.mcu.externaltools.arm-none.win32_1.16.0.201807130628/tools/compiler/bin/../lib/gcc/arm-none-eabi/7.2.1/../../../../arm-none-eabi/lib/thumb/v7-m/crt0.o (exit)
c:/ac6/systemworkbench/plugins/fr.ac6.mcu.externaltools.arm-none.win32_1.16.0.201807130628/tools/compiler/bin/../lib/gcc/arm-none-eabi/7.2.1/../../../../arm-none-eabi/lib/thumb/v7-m\libc.a(lib_a-impure.o)
                              c:/ac6/systemworkbench/plugins/fr.ac6.mcu.externaltools.arm-none.win32_1.16.0.201807130628/tools/compiler/bin/../lib/gcc/arm-none-eabi/7.2.1/../../../../arm-none-eabi/lib/thumb/v7-m\libc.a(lib_a-exit.o) (_global_impure_ptr)
c:/ac6/systemworkbench/plugins/fr.ac6.mcu.externaltools.arm-none.win32_1.16.0.201807130628/tools/compiler/bin/../lib/gcc/arm-none-eabi/7.2.1/../../../../arm-none-eabi/lib/thumb/v7-m\libc.a(lib_a-init.o)
                              c:/ac6/systemworkbench/plugins/fr.ac6.mcu.externaltools.arm-none.win32_1.16.0.201807130628/tools/compiler/bin/../lib/gcc/arm-none-eabi/7.2.1/../../../../arm-none-eabi/lib/thumb/v7-m/crt0.o (__libc_init_array)
c:/ac6/systemworkbench/plugins/fr.ac6.mcu.externaltools.arm-none.win32_1.16.0.201807130628/tools/compiler/bin/../lib/gcc/arm-none-eabi/7.2.1/../../../../arm-none-eabi/lib/thumb/v7-m\libc.a(lib_a-itoa.o)
                              src/main.o (itoa)
c:/ac6/systemworkbench/plugins/fr.ac6.mcu.externaltools.arm-none.win32_1.16.0.201807130628/tools/compiler/bin/../lib/gcc/arm-none-eabi/7.2.1/../../../../arm-none-eabi/lib/thumb/v7-m\libc.a(lib_a-memset.o)
                              c:/ac6/systemworkbench/plugins/fr.ac6.mcu.externaltools.arm-none.win32_1.16.0.201807130628/tools/compiler/bin/../lib/gcc/arm-none-eabi/7.2.1/../../../../arm-none-eabi/lib/thumb/v7-m/crt0.o (memset)
c:/ac6/systemworkbench/plugins/fr.ac6.mcu.externaltools.arm-none.win32_1.16.0.201807130628/tools/compiler/bin/../lib/gcc/arm-none-eabi/7.2.1/../../../../arm-none-eabi/lib/thumb/v7-m\libc.a(lib_a-strcmp.o)
                              src/main.o (strcmp)
c:/ac6/systemworkbench/plugins/fr.ac6.mcu.externaltools.arm-none.win32_1.16.0.201807130628/tools/compiler/bin/../lib/gcc/arm-none-eabi/7.2.1/../../../../arm-none-eabi/lib/thumb/v7-m\libc.a(lib_a-strtol.o)
                              c:/ac6/systemworkbench/plugins/fr.ac6.mcu.externaltools.arm-none.win32_1.16.0.201807130628/tools/compiler/bin/../lib/gcc/arm-none-eabi/7.2.1/../../../../arm-none-eabi/lib/thumb/v7-m\libc.a(lib_a-atoi.o) (_strtol_r)
c:/ac6/systemworkbench/plugins/fr.ac6.mcu.externaltools.arm-none.win32_1.16.0.201807130628/tools/compiler/bin/../lib/gcc/arm-none-eabi/7.2.1/../../../../arm-none-eabi/lib/thumb/v7-m\libc.a(lib_a-utoa.o)
                              c:/ac6/systemworkbench/plugins/fr.ac6.mcu.externaltools.arm-none.win32_1.16.0.201807130628/tools/compiler/bin/../lib/gcc/arm-none-eabi/7.2.1/../../../../arm-none-eabi/lib/thumb/v7-m\libc.a(lib_a-itoa.o) (__utoa)
c:/ac6/systemworkbench/plugins/fr.ac6.mcu.externaltools.arm-none.win32_1.16.0.201807130628/tools/compiler/bin/../lib/gcc/arm-none-eabi/7.2.1/../../../../arm-none-eabi/lib/thumb/v7-m\libc.a(lib_a-__call_atexit.o)
                              c:/ac6/systemworkbench/plugins/fr.ac6.mcu.externaltools.arm-none.win32_1.16.0.201807130628/tools/compiler/bin/../lib/gcc/arm-none-eabi/7.2.1/../../../../arm-none-eabi/lib/thumb/v7-m\libc.a(lib_a-exit.o) (__call_exitprocs)
c:/ac6/systemworkbench/plugins/fr.ac6.mcu.externaltools.arm-none.win32_1.16.0.201807130628/tools/compiler/bin/../lib/gcc/arm-none-eabi/7.2.1/../../../../arm-none-eabi/lib/thumb/v7-m\libc.a(lib_a-atexit.o)
                              c:/ac6/systemworkbench/plugins/fr.ac6.mcu.externaltools.arm-none.win32_1.16.0.201807130628/tools/compiler/bin/../lib/gcc/arm-none-eabi/7.2.1/../../../../arm-none-eabi/lib/thumb/v7-m\libc.a(lib_a-__call_atexit.o) (atexit)
c:/ac6/systemworkbench/plugins/fr.ac6.mcu.externaltools.arm-none.win32_1.16.0.201807130628/tools/compiler/bin/../lib/gcc/arm-none-eabi/7.2.1/../../../../arm-none-eabi/lib/thumb/v7-m\libc.a(lib_a-fini.o)
[...]
Memory Configuration

Name             Origin             Length             Attributes
FLASH            0x08000000         0x00020000         xr
RAM              0x20000000         0x00004000         xrw
MEMORY_B1        0x60000000         0x00000000         xr
RW_EEPROM        0x08080000         0x00000020         rw
*default*        0x00000000         0xffffffff

Linker script and memory map

LOAD c:/ac6/systemworkbench/plugins/fr.ac6.mcu.externaltools.arm-none.win32_1.16.0.201807130628/tools/compiler/bin/../lib/gcc/arm-none-eabi/7.2.1/thumb/v7-m/crti.o
LOAD c:/ac6/systemworkbench/plugins/fr.ac6.mcu.externaltools.arm-none.win32_1.16.0.201807130628/tools/compiler/bin/../lib/gcc/arm-none-eabi/7.2.1/thumb/v7-m/crtbegin.o
LOAD c:/ac6/systemworkbench/plugins/fr.ac6.mcu.externaltools.arm-none.win32_1.16.0.201807130628/tools/compiler/bin/../lib/gcc/arm-none-eabi/7.2.1/../../../../arm-none-eabi/lib/thumb/v7-m/crt0.o
LOAD StdPeriph_Driver/src/misc.o
LOAD StdPeriph_Driver/src/stm32l1xx_adc.o
LOAD StdPeriph_Driver/src/stm32l1xx_aes.o
LOAD StdPeriph_Driver/src/stm32l1xx_aes_util.o
LOAD StdPeriph_Driver/src/stm32l1xx_comp.o
LOAD StdPeriph_Driver/src/stm32l1xx_crc.o
LOAD StdPeriph_Driver/src/stm32l1xx_dac.o
LOAD StdPeriph_Driver/src/stm32l1xx_dbgmcu.o
LOAD StdPeriph_Driver/src/stm32l1xx_dma.o
LOAD StdPeriph_Driver/src/stm32l1xx_exti.o
LOAD StdPeriph_Driver/src/stm32l1xx_flash.o
LOAD StdPeriph_Driver/src/stm32l1xx_flash_ramfunc.o
LOAD StdPeriph_Driver/src/stm32l1xx_fsmc.o
LOAD StdPeriph_Driver/src/stm32l1xx_gpio.o
LOAD StdPeriph_Driver/src/stm32l1xx_i2c.o
LOAD StdPeriph_Driver/src/stm32l1xx_iwdg.o
LOAD StdPeriph_Driver/src/stm32l1xx_lcd.o
LOAD StdPeriph_Driver/src/stm32l1xx_opamp.o
LOAD StdPeriph_Driver/src/stm32l1xx_pwr.o
LOAD StdPeriph_Driver/src/stm32l1xx_rcc.o
LOAD StdPeriph_Driver/src/stm32l1xx_rtc.o
LOAD StdPeriph_Driver/src/stm32l1xx_sdio.o
LOAD StdPeriph_Driver/src/stm32l1xx_spi.o
LOAD StdPeriph_Driver/src/stm32l1xx_syscfg.o
LOAD StdPeriph_Driver/src/stm32l1xx_tim.o
LOAD StdPeriph_Driver/src/stm32l1xx_usart.o
LOAD StdPeriph_Driver/src/stm32l1xx_wwdg.o
LOAD Utilities/stm32l_discovery_lcd.o
LOAD src/Utilities.o
LOAD src/main.o
LOAD src/syscalls.o
LOAD src/system_stm32l1xx.o
LOAD src/uart.o
LOAD startup/startup_stm32l1xx_md.o
LOAD c:/ac6/systemworkbench/plugins/fr.ac6.mcu.externaltools.arm-none.win32_1.16.0.201807130628/tools/compiler/bin/../lib/gcc/arm-none-eabi/7.2.1/../../../../arm-none-eabi/lib/thumb/v7-m\libstdc++.a
LOAD c:/ac6/systemworkbench/plugins/fr.ac6.mcu.externaltools.arm-none.win32_1.16.0.201807130628/tools/compiler/bin/../lib/gcc/arm-none-eabi/7.2.1/../../../../arm-none-eabi/lib/thumb/v7-m\libm.a
START GROUP
LOAD c:/ac6/systemworkbench/plugins/fr.ac6.mcu.externaltools.arm-none.win32_1.16.0.201807130628/tools/compiler/bin/../lib/gcc/arm-none-eabi/7.2.1/thumb/v7-m\libgcc.a
LOAD c:/ac6/systemworkbench/plugins/fr.ac6.mcu.externaltools.arm-none.win32_1.16.0.201807130628/tools/compiler/bin/../lib/gcc/arm-none-eabi/7.2.1/../../../../arm-none-eabi/lib/thumb/v7-m\libc.a
END GROUP
LOAD c:/ac6/systemworkbench/plugins/fr.ac6.mcu.externaltools.arm-none.win32_1.16.0.201807130628/tools/compiler/bin/../lib/gcc/arm-none-eabi/7.2.1/thumb/v7-m/crtend.o
LOAD c:/ac6/systemworkbench/plugins/fr.ac6.mcu.externaltools.arm-none.win32_1.16.0.201807130628/tools/compiler/bin/../lib/gcc/arm-none-eabi/7.2.1/thumb/v7-m/crtn.o
                0x20004000                _estack = 0x20004000
                0x00000000                _Min_Heap_Size = 0x0
                0x00000080                _Min_Stack_Size = 0x80

.isr_vector     0x08000000      0x10c
                0x08000000                . = ALIGN (0x4)
 *(.isr_vector)
 .isr_vector    0x08000000      0x10c startup/startup_stm32l1xx_md.o
                0x08000000                g_pfnVectors
                0x0800010c                . = ALIGN (0x4)

.text           0x0800010c     0x25c4
                0x0800010c                . = ALIGN (0x4)
 *(.text)
 .text          0x0800010c       0x40 c:/ac6/systemworkbench/plugins/fr.ac6.mcu.externaltools.arm-none.win32_1.16.0.201807130628/tools/compiler/bin/../lib/gcc/arm-none-eabi/7.2.1/thumb/v7-m/crtbegin.o
 .text          0x0800014c      0x1bc c:/ac6/systemworkbench/plugins/fr.ac6.mcu.externaltools.arm-none.win32_1.16.0.201807130628/tools/compiler/bin/../lib/gcc/arm-none-eabi/7.2.1/../../../../arm-none-eabi/lib/thumb/v7-m\libc.a(lib_a-strcmp.o)
                0x0800014c                strcmp
 *(.text*)
 .text.ADC_Init
                0x08000308       0xa8 StdPeriph_Driver/src/stm32l1xx_adc.o
                0x08000308                ADC_Init
 .text.ADC_StructInit
                0x080003b0       0x3e StdPeriph_Driver/src/stm32l1xx_adc.o
                0x080003b0                ADC_StructInit
 *fill*         0x080003ee        0x2 
 .text.ADC_CommonInit
                0x080003f0       0x38 StdPeriph_Driver/src/stm32l1xx_adc.o
                0x080003f0                ADC_CommonInit
 .text.ADC_CommonStructInit
                0x08000428       0x18 StdPeriph_Driver/src/stm32l1xx_adc.o
                0x08000428                ADC_CommonStructInit
 .text.ADC_Cmd  0x08000440       0x36 StdPeriph_Driver/src/stm32l1xx_adc.o
                0x08000440                ADC_Cmd
 .text.ADC_BankSelection
                0x08000476       0x36 StdPeriph_Driver/src/stm32l1xx_adc.o
                0x08000476                ADC_BankSelection
 .text.ADC_RegularChannelConfig
                0x080004ac      0x2ca StdPeriph_Driver/src/stm32l1xx_adc.o
                0x080004ac                ADC_RegularChannelConfig
 .text.ADC_GetConversionValue
                0x08000776       0x18 StdPeriph_Driver/src/stm32l1xx_adc.o
                0x08000776                ADC_GetConversionValue
 .text.ADC_ITConfig
                0x0800078e       0x50 StdPeriph_Driver/src/stm32l1xx_adc.o
                0x0800078e                ADC_ITConfig
 .text.ADC_GetFlagStatus
                0x080007de       0x32 StdPeriph_Driver/src/stm32l1xx_adc.o
                0x080007de                ADC_GetFlagStatus
 .text.ADC_ClearITPendingBit
                0x08000810       0x2a StdPeriph_Driver/src/stm32l1xx_adc.o
                0x08000810                ADC_ClearITPendingBit
 .text.DAC_DeInit
                0x0800083a       0x1c StdPeriph_Driver/src/stm32l1xx_dac.o
                0x0800083a                DAC_DeInit
 *fill*         0x08000856        0x2 
 .text.DAC_Init
                0x08000858       0x64 StdPeriph_Driver/src/stm32l1xx_dac.o
                0x08000858                DAC_Init
 .text.DAC_StructInit
                0x080008bc       0x2a StdPeriph_Driver/src/stm32l1xx_dac.o
                0x080008bc                DAC_StructInit
 *fill*         0x080008e6        0x2 
 .text.DAC_Cmd  0x080008e8       0x48 StdPeriph_Driver/src/stm32l1xx_dac.o
                0x080008e8                DAC_Cmd
 .text.DAC_SetChannel1Data
                0x08000930       0x34 StdPeriph_Driver/src/stm32l1xx_dac.o
                0x08000930                DAC_SetChannel1Data
 .text.DMA_Cmd  0x08000964       0x38 StdPeriph_Driver/src/stm32l1xx_dma.o
                0x08000964                DMA_Cmd
 .text.GPIO_Init
                0x0800099c      0x136 StdPeriph_Driver/src/stm32l1xx_gpio.o
                0x0800099c                GPIO_Init
 .text.GPIO_SetBits
                0x08000ad2       0x1c StdPeriph_Driver/src/stm32l1xx_gpio.o
                0x08000ad2                GPIO_SetBits
 .text.GPIO_ResetBits
                0x08000aee       0x1c StdPeriph_Driver/src/stm32l1xx_gpio.o
                0x08000aee                GPIO_ResetBits
 .text.GPIO_ToggleBits
                0x08000b0a       0x26 StdPeriph_Driver/src/stm32l1xx_gpio.o
                0x08000b0a                GPIO_ToggleBits
 .text.GPIO_PinAFConfig
                0x08000b30       0x90 StdPeriph_Driver/src/stm32l1xx_gpio.o
                0x08000b30                GPIO_PinAFConfig
 .text.RCC_GetClocksFreq
                0x08000bc0      0x1b4 StdPeriph_Driver/src/stm32l1xx_rcc.o
                0x08000bc0                RCC_GetClocksFreq
 .text.RCC_AHBPeriphClockCmd
                0x08000d74       0x3c StdPeriph_Driver/src/stm32l1xx_rcc.o
                0x08000d74                RCC_AHBPeriphClockCmd
 .text.RCC_APB2PeriphClockCmd
                0x08000db0       0x3c StdPeriph_Driver/src/stm32l1xx_rcc.o
                0x08000db0                RCC_APB2PeriphClockCmd
 .text.RCC_APB1PeriphClockCmd
                0x08000dec       0x3c StdPeriph_Driver/src/stm32l1xx_rcc.o
                0x08000dec                RCC_APB1PeriphClockCmd
 .text.RCC_APB1PeriphResetCmd
                0x08000e28       0x3c StdPeriph_Driver/src/stm32l1xx_rcc.o
                0x08000e28                RCC_APB1PeriphResetCmd
 .text.TIM_TimeBaseInit
                0x08000e64       0xa4 StdPeriph_Driver/src/stm32l1xx_tim.o
                0x08000e64                TIM_TimeBaseInit
 .text.TIM_SetAutoreload
                0x08000f08       0x1a StdPeriph_Driver/src/stm32l1xx_tim.o
                0x08000f08                TIM_SetAutoreload
 .text.TIM_SelectOnePulseMode
                0x08000f22       0x36 StdPeriph_Driver/src/stm32l1xx_tim.o
                0x08000f22                TIM_SelectOnePulseMode
 .text.TIM_Cmd  0x08000f58       0x3e StdPeriph_Driver/src/stm32l1xx_tim.o
                0x08000f58                TIM_Cmd
 .text.TIM_ITConfig
                0x08000f96       0x46 StdPeriph_Driver/src/stm32l1xx_tim.o
                0x08000f96                TIM_ITConfig
 .text.TIM_GenerateEvent
                0x08000fdc       0x1c StdPeriph_Driver/src/stm32l1xx_tim.o
                0x08000fdc                TIM_GenerateEvent
 .text.TIM_ClearFlag
                0x08000ff8       0x20 StdPeriph_Driver/src/stm32l1xx_tim.o
                0x08000ff8                TIM_ClearFlag
 .text.TIM_GetITStatus
                0x08001018       0x52 StdPeriph_Driver/src/stm32l1xx_tim.o
                0x08001018                TIM_GetITStatus
 .text.TIM_ClearITPendingBit
                0x0800106a       0x20 StdPeriph_Driver/src/stm32l1xx_tim.o
                0x0800106a                TIM_ClearITPendingBit
 .text.TIM_SelectOutputTrigger
                0x0800108a       0x36 StdPeriph_Driver/src/stm32l1xx_tim.o
                0x0800108a                TIM_SelectOutputTrigger
 .text.USART_Init
                0x080010c0      0x168 StdPeriph_Driver/src/stm32l1xx_usart.o
                0x080010c0                USART_Init
 .text.USART_Cmd
                0x08001228       0x3e StdPeriph_Driver/src/stm32l1xx_usart.o
                0x08001228                USART_Cmd
 .text.USART_SendData
                0x08001266       0x22 StdPeriph_Driver/src/stm32l1xx_usart.o
                0x08001266                USART_SendData
 .text.USART_ReceiveData
                0x08001288       0x1e StdPeriph_Driver/src/stm32l1xx_usart.o
                0x08001288                USART_ReceiveData
 .text.USART_ITConfig
                0x080012a6       0x8e StdPeriph_Driver/src/stm32l1xx_usart.o
                0x080012a6                USART_ITConfig
 .text.USART_GetFlagStatus
                0x08001334       0x36 StdPeriph_Driver/src/stm32l1xx_usart.o
                0x08001334                USART_GetFlagStatus
 .text.USART_GetITStatus
                0x0800136a       0xb4 StdPeriph_Driver/src/stm32l1xx_usart.o
                0x0800136a                USART_GetITStatus
 .text.USART_ClearITPendingBit
                0x0800141e       0x38 StdPeriph_Driver/src/stm32l1xx_usart.o
                0x0800141e                USART_ClearITPendingBit
 *fill*         0x08001456        0x2 
 .text.DWT_Init
                0x08001458       0x38 src/Utilities.o
                0x08001458                DWT_Init
 .text.NVIC_EnableIRQ
                0x08001490       0x30 src/main.o
 .text.main     0x080014c0      0x364 src/main.o
                0x080014c0                main
 .text.USART2_IRQHandler
                0x08001824       0xcc src/main.o
                0x08001824                USART2_IRQHandler
 .text.clear_buff
                0x080018f0       0x58 src/main.o
                0x080018f0                clear_buff
 .text.clear_meas
                0x08001948       0x34 src/main.o
                0x08001948                clear_meas
 .text.command_splitter
                0x0800197c       0xa4 src/main.o
                0x0800197c                command_splitter
 .text.command_handler
                0x08001a20      0x1bc src/main.o
                0x08001a20                command_handler
 .text.set_code
                0x08001bdc       0xe0 src/main.o
                0x08001bdc                set_code
 .text.dtb      0x08001cbc       0xac src/main.o
                0x08001cbc                dtb
 .text.TIM2_IRQHandler
                0x08001d68       0x34 src/main.o
                0x08001d68                TIM2_IRQHandler
 .text.TIM6_IRQHandler
                0x08001d9c       0x54 src/main.o
                0x08001d9c                TIM6_IRQHandler
 .text.ADC1_IRQHandler
                0x08001df0       0x4c src/main.o
                0x08001df0                ADC1_IRQHandler
 .text.meas_sender
                0x08001e3c       0x88 src/main.o
                0x08001e3c                meas_sender
 .text.SystemInit
                0x08001ec4       0x68 src/system_stm32l1xx.o
                0x08001ec4                SystemInit
 .text.SetSysClock
                0x08001f2c      0x11c src/system_stm32l1xx.o
 .text.SEND_UART
                0x08002048       0x30 src/uart.o
                0x08002048                SEND_UART
 .text.SEND_UART_STR
                0x08002078       0x4a src/uart.o
                0x08002078                SEND_UART_STR
 *fill*         0x080020c2        0x2 
 .text.Reset_Handler
                0x080020c4       0x48 startup/startup_stm32l1xx_md.o
                0x080020c4                Reset_Handler
 .text.Default_Handler
                0x0800210c        0x2 startup/startup_stm32l1xx_md.o
                0x0800210c                RTC_Alarm_IRQHandler
                0x0800210c                EXTI2_IRQHandler
                0x0800210c                DebugMon_Handler
                0x0800210c                HardFault_Handler
                0x0800210c                TIM10_IRQHandler
                0x0800210c                USB_HP_IRQHandler
                0x0800210c                SysTick_Handler
                0x0800210c                PVD_IRQHandler
                0x0800210c                PendSV_Handler
                0x0800210c                NMI_Handler
                0x0800210c                EXTI3_IRQHandler
                0x0800210c                EXTI0_IRQHandler
                0x0800210c                I2C2_EV_IRQHandler
                0x0800210c                UsageFault_Handler
                0x0800210c                SPI1_IRQHandler
                0x0800210c                USB_FS_WKUP_IRQHandler
                0x0800210c                DMA1_Channel4_IRQHandler
                0x0800210c                USART3_IRQHandler
                0x0800210c                DMA1_Channel7_IRQHandler
                0x0800210c                LCD_IRQHandler
                0x0800210c                TIM4_IRQHandler
                0x0800210c                I2C1_EV_IRQHandler
                0x0800210c                DMA1_Channel6_IRQHandler
                0x0800210c                TIM3_IRQHandler
                0x0800210c                RCC_IRQHandler
                0x0800210c                DMA1_Channel1_IRQHandler
                0x0800210c                Default_Handler
                0x0800210c                EXTI15_10_IRQHandler
                0x0800210c                TIM7_IRQHandler
                0x0800210c                EXTI9_5_IRQHandler
                0x0800210c                TIM9_IRQHandler
                0x0800210c                TAMPER_STAMP_IRQHandler
                0x0800210c                RTC_WKUP_IRQHandler
                0x0800210c                SPI2_IRQHandler
                0x0800210c                MemManage_Handler
                0x0800210c                SVC_Handler
                0x0800210c                DMA1_Channel5_IRQHandler
                0x0800210c                USB_LP_IRQHandler
                0x0800210c                EXTI4_IRQHandler
                0x0800210c                DMA1_Channel3_IRQHandler
                0x0800210c                COMP_IRQHandler
                0x0800210c                WWDG_IRQHandler
                0x0800210c                DAC_IRQHandler
                0x0800210c                EXTI1_IRQHandler
                0x0800210c                TIM11_IRQHandler
                0x0800210c                I2C2_ER_IRQHandler
                0x0800210c                DMA1_Channel2_IRQHandler
                0x0800210c                FLASH_IRQHandler
                0x0800210c                BusFault_Handler
                0x0800210c                USART1_IRQHandler
                0x0800210c                I2C1_ER_IRQHandler
 *fill*         0x0800210e        0x2 
 .text.atoi     0x08002110        0x8 c:/ac6/systemworkbench/plugins/fr.ac6.mcu.externaltools.arm-none.win32_1.16.0.201807130628/tools/compiler/bin/../lib/gcc/arm-none-eabi/7.2.1/../../../../arm-none-eabi/lib/thumb/v7-m\libc.a(lib_a-atoi.o)
                0x08002110                atoi
 .text.__libc_init_array
                0x08002118       0x48 c:/ac6/systemworkbench/plugins/fr.ac6.mcu.externaltools.arm-none.win32_1.16.0.201807130628/tools/compiler/bin/../lib/gcc/arm-none-eabi/7.2.1/../../../../arm-none-eabi/lib/thumb/v7-m\libc.a(lib_a-init.o)
                0x08002118                __libc_init_array
 .text.__itoa   0x08002160       0x3c c:/ac6/systemworkbench/plugins/fr.ac6.mcu.externaltools.arm-none.win32_1.16.0.201807130628/tools/compiler/bin/../lib/gcc/arm-none-eabi/7.2.1/../../../../arm-none-eabi/lib/thumb/v7-m\libc.a(lib_a-itoa.o)
                0x08002160                __itoa
 .text.itoa     0x0800219c        0x4 c:/ac6/systemworkbench/plugins/fr.ac6.mcu.externaltools.arm-none.win32_1.16.0.201807130628/tools/compiler/bin/../lib/gcc/arm-none-eabi/7.2.1/../../../../arm-none-eabi/lib/thumb/v7-m\libc.a(lib_a-itoa.o)
                0x0800219c                itoa
 .text._strtol_l.isra.0
                0x080021a0      0x124 c:/ac6/systemworkbench/plugins/fr.ac6.mcu.externaltools.arm-none.win32_1.16.0.201807130628/tools/compiler/bin/../lib/gcc/arm-none-eabi/7.2.1/../../../../arm-none-eabi/lib/thumb/v7-m\libc.a(lib_a-strtol.o)
 .text.strtol   0x080022c4       0x2c c:/ac6/systemworkbench/plugins/fr.ac6.mcu.externaltools.arm-none.win32_1.16.0.201807130628/tools/compiler/bin/../lib/gcc/arm-none-eabi/7.2.1/../../../../arm-none-eabi/lib/thumb/v7-m\libc.a(lib_a-strtol.o)
                0x080022c4                strtol
 .text.__utoa   0x080022f0       0x80 c:/ac6/systemworkbench/plugins/fr.ac6.mcu.externaltools.arm-none.win32_1.16.0.201807130628/tools/compiler/bin/../lib/gcc/arm-none-eabi/7.2.1/../../../../arm-none-eabi/lib/thumb/v7-m\libc.a(lib_a-utoa.o)
                0x080022f0                __utoa
 .text.startup.register_fini
                0x08002370       0x14 c:/ac6/systemworkbench/plugins/fr.ac6.mcu.externaltools.arm-none.win32_1.16.0.201807130628/tools/compiler/bin/../lib/gcc/arm-none-eabi/7.2.1/../../../../arm-none-eabi/lib/thumb/v7-m\libc.a(lib_a-__call_atexit.o)
 .text.atexit   0x08002384        0xc c:/ac6/systemworkbench/plugins/fr.ac6.mcu.externaltools.arm-none.win32_1.16.0.201807130628/tools/compiler/bin/../lib/gcc/arm-none-eabi/7.2.1/../../../../arm-none-eabi/lib/thumb/v7-m\libc.a(lib_a-atexit.o)
                0x08002384                atexit
 .text.__libc_fini_array
                0x08002390       0x34 c:/ac6/systemworkbench/plugins/fr.ac6.mcu.externaltools.arm-none.win32_1.16.0.201807130628/tools/compiler/bin/../lib/gcc/arm-none-eabi/7.2.1/../../../../arm-none-eabi/lib/thumb/v7-m\libc.a(lib_a-fini.o)
                0x08002390                __libc_fini_array
 .text.__locale_ctype_ptr_l
                0x080023c4        0x8 c:/ac6/systemworkbench/plugins/fr.ac6.mcu.externaltools.arm-none.win32_1.16.0.201807130628/tools/compiler/bin/../lib/gcc/arm-none-eabi/7.2.1/../../../../arm-none-eabi/lib/thumb/v7-m\libc.a(lib_a-locale.o)
                0x080023c4                __locale_ctype_ptr_l
 .text.__retarget_lock_acquire_recursive
                0x080023cc        0x4 c:/ac6/systemworkbench/plugins/fr.ac6.mcu.externaltools.arm-none.win32_1.16.0.201807130628/tools/compiler/bin/../lib/gcc/arm-none-eabi/7.2.1/../../../../arm-none-eabi/lib/thumb/v7-m\libc.a(lib_a-lock.o)
                0x080023cc                __retarget_lock_acquire_recursive
 .text.__retarget_lock_release_recursive
                0x080023d0        0x4 c:/ac6/systemworkbench/plugins/fr.ac6.mcu.externaltools.arm-none.win32_1.16.0.201807130628/tools/compiler/bin/../lib/gcc/arm-none-eabi/7.2.1/../../../../arm-none-eabi/lib/thumb/v7-m\libc.a(lib_a-lock.o)
                0x080023d0                __retarget_lock_release_recursive
 .text.__ascii_mbtowc
                0x080023d4       0x2c c:/ac6/systemworkbench/plugins/fr.ac6.mcu.externaltools.arm-none.win32_1.16.0.201807130628/tools/compiler/bin/../lib/gcc/arm-none-eabi/7.2.1/../../../../arm-none-eabi/lib/thumb/v7-m\libc.a(lib_a-mbtowc_r.o)
                0x080023d4                __ascii_mbtowc
 .text.__ascii_wctomb
                0x08002400       0x18 c:/ac6/systemworkbench/plugins/fr.ac6.mcu.externaltools.arm-none.win32_1.16.0.201807130628/tools/compiler/bin/../lib/gcc/arm-none-eabi/7.2.1/../../../../arm-none-eabi/lib/thumb/v7-m\libc.a(lib_a-wctomb_r.o)
                0x08002400                __ascii_wctomb
 .text.__register_exitproc
                0x08002418       0xc0 c:/ac6/systemworkbench/plugins/fr.ac6.mcu.externaltools.arm-none.win32_1.16.0.201807130628/tools/compiler/bin/../lib/gcc/arm-none-eabi/7.2.1/../../../../arm-none-eabi/lib/thumb/v7-m\libc.a(lib_a-__atexit.o)
                0x08002418                __register_exitproc
 *(.rodata)
 .rodata        0x080024d8       0xa0 src/main.o
                0x080024d8                sine
 *(.rodata*)
 .rodata._global_impure_ptr
                0x08002578        0x4 c:/ac6/systemworkbench/plugins/fr.ac6.mcu.externaltools.arm-none.win32_1.16.0.201807130628/tools/compiler/bin/../lib/gcc/arm-none-eabi/7.2.1/../../../../arm-none-eabi/lib/thumb/v7-m\libc.a(lib_a-impure.o)
                0x08002578                _global_impure_ptr
 .rodata.__utoa.str1.4
                0x0800257c       0x25 c:/ac6/systemworkbench/plugins/fr.ac6.mcu.externaltools.arm-none.win32_1.16.0.201807130628/tools/compiler/bin/../lib/gcc/arm-none-eabi/7.2.1/../../../../arm-none-eabi/lib/thumb/v7-m\libc.a(lib_a-utoa.o)
 *fill*         0x080025a1        0x3 
 .rodata._setlocale_r.str1.4
                0x080025a4        0xa c:/ac6/systemworkbench/plugins/fr.ac6.mcu.externaltools.arm-none.win32_1.16.0.201807130628/tools/compiler/bin/../lib/gcc/arm-none-eabi/7.2.1/../../../../arm-none-eabi/lib/thumb/v7-m\libc.a(lib_a-locale.o)
                                  0xd (size before relaxing)
 *fill*         0x080025ae        0x2 
 .rodata.str1.4
                0x080025b0        0x4 c:/ac6/systemworkbench/plugins/fr.ac6.mcu.externaltools.arm-none.win32_1.16.0.201807130628/tools/compiler/bin/../lib/gcc/arm-none-eabi/7.2.1/../../../../arm-none-eabi/lib/thumb/v7-m\libc.a(lib_a-locale.o)
                                  0x2 (size before relaxing)
 .rodata._ctype_
                0x080025b4      0x101 c:/ac6/systemworkbench/plugins/fr.ac6.mcu.externaltools.arm-none.win32_1.16.0.201807130628/tools/compiler/bin/../lib/gcc/arm-none-eabi/7.2.1/../../../../arm-none-eabi/lib/thumb/v7-m\libc.a(lib_a-ctype_.o)
                0x080025b4                _ctype_
 *(.glue_7)
 .glue_7        0x080026b5        0x0 linker stubs
 *(.glue_7t)
 .glue_7t       0x080026b5        0x0 linker stubs
 *(.eh_frame)
 *fill*         0x080026b5        0x3 
 .eh_frame      0x080026b8        0x0 c:/ac6/systemworkbench/plugins/fr.ac6.mcu.externaltools.arm-none.win32_1.16.0.201807130628/tools/compiler/bin/../lib/gcc/arm-none-eabi/7.2.1/thumb/v7-m/crtbegin.o
 *(.init)
 .init          0x080026b8        0x4 c:/ac6/systemworkbench/plugins/fr.ac6.mcu.externaltools.arm-none.win32_1.16.0.201807130628/tools/compiler/bin/../lib/gcc/arm-none-eabi/7.2.1/thumb/v7-m/crti.o
                0x080026b8                _init
 .init          0x080026bc        0x8 c:/ac6/systemworkbench/plugins/fr.ac6.mcu.externaltools.arm-none.win32_1.16.0.201807130628/tools/compiler/bin/../lib/gcc/arm-none-eabi/7.2.1/thumb/v7-m/crtn.o
 *(.fini)
 .fini          0x080026c4        0x4 c:/ac6/systemworkbench/plugins/fr.ac6.mcu.externaltools.arm-none.win32_1.16.0.201807130628/tools/compiler/bin/../lib/gcc/arm-none-eabi/7.2.1/thumb/v7-m/crti.o
                0x080026c4                _fini
 .fini          0x080026c8        0x8 c:/ac6/systemworkbench/plugins/fr.ac6.mcu.externaltools.arm-none.win32_1.16.0.201807130628/tools/compiler/bin/../lib/gcc/arm-none-eabi/7.2.1/thumb/v7-m/crtn.o
                0x080026d0                . = ALIGN (0x4)
                0x080026d0                _etext = .

.vfp11_veneer   0x080026d0        0x0
 .vfp11_veneer  0x080026d0        0x0 linker stubs

.v4_bx          0x080026d0        0x0
 .v4_bx         0x080026d0        0x0 linker stubs

.iplt           0x080026d0        0x0
 .iplt          0x080026d0        0x0 c:/ac6/systemworkbench/plugins/fr.ac6.mcu.externaltools.arm-none.win32_1.16.0.201807130628/tools/compiler/bin/../lib/gcc/arm-none-eabi/7.2.1/thumb/v7-m/crtbegin.o

.rel.dyn        0x080026d0        0x0
 .rel.iplt      0x080026d0        0x0 c:/ac6/systemworkbench/plugins/fr.ac6.mcu.externaltools.arm-none.win32_1.16.0.201807130628/tools/compiler/bin/../lib/gcc/arm-none-eabi/7.2.1/thumb/v7-m/crtbegin.o

.ARM.extab
 *(.ARM.extab* .gnu.linkonce.armextab.*)

.ARM            0x080026d0        0x0
                0x080026d0                __exidx_start = .
 *(.ARM.exidx*)
                0x080026d0                __exidx_end = .

.preinit_array  0x080026d0        0x0
                0x080026d0                PROVIDE (__preinit_array_start, .)
 *(.preinit_array*)
                0x080026d0                PROVIDE (__preinit_array_end, .)

.init_array     0x080026d0        0x8
                0x080026d0                PROVIDE (__init_array_start, .)
 *(SORT_BY_NAME(.init_array.*))
 .init_array.00000
                0x080026d0        0x4 c:/ac6/systemworkbench/plugins/fr.ac6.mcu.externaltools.arm-none.win32_1.16.0.201807130628/tools/compiler/bin/../lib/gcc/arm-none-eabi/7.2.1/../../../../arm-none-eabi/lib/thumb/v7-m\libc.a(lib_a-__call_atexit.o)
 *(.init_array*)
 .init_array    0x080026d4        0x4 c:/ac6/systemworkbench/plugins/fr.ac6.mcu.externaltools.arm-none.win32_1.16.0.201807130628/tools/compiler/bin/../lib/gcc/arm-none-eabi/7.2.1/thumb/v7-m/crtbegin.o
                0x080026d8                PROVIDE (__init_array_end, .)

.fini_array     0x080026d8        0x4
                0x080026d8                PROVIDE (__fini_array_start, .)
 *(.fini_array*)
 .fini_array    0x080026d8        0x4 c:/ac6/systemworkbench/plugins/fr.ac6.mcu.externaltools.arm-none.win32_1.16.0.201807130628/tools/compiler/bin/../lib/gcc/arm-none-eabi/7.2.1/thumb/v7-m/crtbegin.o
 *(SORT_BY_NAME(.fini_array.*))
                0x080026dc                PROVIDE (__fini_array_end, .)
                0x080026dc                _sidata = .

.data           0x20000000      0x5d0 load address 0x080026dc
                0x20000000                . = ALIGN (0x4)
                0x20000000                _sdata = .
 *(.data)
 .data          0x20000000       0x1c StdPeriph_Driver/src/stm32l1xx_rcc.o
 .data          0x2000001c       0x14 src/main.o
                0x2000001c                string
                0x20000020                radix
                0x20000024                time
                0x20000028                ADC_Freq
                0x2000002c                DAC_Freq
 *(.data*)
 .data._impure_ptr
                0x20000030        0x4 c:/ac6/systemworkbench/plugins/fr.ac6.mcu.externaltools.arm-none.win32_1.16.0.201807130628/tools/compiler/bin/../lib/gcc/arm-none-eabi/7.2.1/../../../../arm-none-eabi/lib/thumb/v7-m\libc.a(lib_a-impure.o)
                0x20000030                _impure_ptr
 *fill*         0x20000034        0x4 
 .data.impure_data
                0x20000038      0x428 c:/ac6/systemworkbench/plugins/fr.ac6.mcu.externaltools.arm-none.win32_1.16.0.201807130628/tools/compiler/bin/../lib/gcc/arm-none-eabi/7.2.1/../../../../arm-none-eabi/lib/thumb/v7-m\libc.a(lib_a-impure.o)
 .data.__atexit_recursive_mutex
                0x20000460        0x4 c:/ac6/systemworkbench/plugins/fr.ac6.mcu.externaltools.arm-none.win32_1.16.0.201807130628/tools/compiler/bin/../lib/gcc/arm-none-eabi/7.2.1/../../../../arm-none-eabi/lib/thumb/v7-m\libc.a(lib_a-__call_atexit.o)
                0x20000460                __atexit_recursive_mutex
 .data.__global_locale
                0x20000464      0x16c c:/ac6/systemworkbench/plugins/fr.ac6.mcu.externaltools.arm-none.win32_1.16.0.201807130628/tools/compiler/bin/../lib/gcc/arm-none-eabi/7.2.1/../../../../arm-none-eabi/lib/thumb/v7-m\libc.a(lib_a-locale.o)
                0x20000464                __global_locale
                0x200005d0                . = ALIGN (0x4)
                0x200005d0                _edata = .

.igot.plt       0x200005d0        0x0 load address 0x08002cac
 .igot.plt      0x200005d0        0x0 c:/ac6/systemworkbench/plugins/fr.ac6.mcu.externaltools.arm-none.win32_1.16.0.201807130628/tools/compiler/bin/../lib/gcc/arm-none-eabi/7.2.1/thumb/v7-m/crtbegin.o
                0x200005d0                . = ALIGN (0x4)

.bss            0x200005d0     0x21d4 load address 0x08002cac
                0x200005d0                _sbss = .
                0x200005d0                __bss_start__ = _sbss
 *(.bss)
 .bss           0x200005d0       0x1c c:/ac6/systemworkbench/plugins/fr.ac6.mcu.externaltools.arm-none.win32_1.16.0.201807130628/tools/compiler/bin/../lib/gcc/arm-none-eabi/7.2.1/thumb/v7-m/crtbegin.o
 .bss           0x200005ec       0x10 src/main.o
                0x200005ec                q
                0x200005f0                usart_bit
                0x200005f1                flag
                0x200005f4                num
                0x200005f8                h
 *(.bss*)
 *(COMMON)
 COMMON         0x200005fc     0x2184 src/main.o
                0x200005fc                p
                0x20000600                argument
                0x20000800                buff
                0x20000a00                command
                0x20000c00                meas_res
                0x20002370                ADC_Result2
                0x20002374                buffer
                0x2000275c                usartData
                0x20002760                pins
                0x2000277c                ADC_Result
 COMMON         0x20002780       0x21 c:/ac6/systemworkbench/plugins/fr.ac6.mcu.externaltools.arm-none.win32_1.16.0.201807130628/tools/compiler/bin/../lib/gcc/arm-none-eabi/7.2.1/../../../../arm-none-eabi/lib/thumb/v7-m\libc.a(lib_a-lock.o)
                0x20002780                __lock___atexit_recursive_mutex
                0x20002784                __lock___arc4random_mutex
                0x20002788                __lock___env_recursive_mutex
                0x2000278c                __lock___sinit_recursive_mutex
                0x20002790                __lock___malloc_recursive_mutex
                0x20002794                __lock___at_quick_exit_mutex
                0x20002798                __lock___dd_hash_mutex
                0x2000279c                __lock___tz_mutex
                0x200027a0                __lock___sfp_recursive_mutex
                0x200027a4                . = ALIGN (0x4)
 *fill*         0x200027a1        0x3 
                0x200027a4                _ebss = .
                0x200027a4                __bss_end__ = _ebss

._user_heap_stack
                0x200027a4       0x84 load address 0x08004e80
                0x200027a8                . = ALIGN (0x8)
 *fill*         0x200027a4        0x4 
                0x200027a8                PROVIDE (end, .)
                [!provide]                PROVIDE (_end, .)
                0x200027a8                . = (. + _Min_Heap_Size)
                0x20002828                . = (. + _Min_Stack_Size)
 *fill*         0x200027a8       0x80 
                0x20002828                . = ALIGN (0x8)

.memory_b1_text
 *(.mb1text)
 *(.mb1text*)
 *(.mb1rodata)
 *(.mb1rodata*)

/DISCARD/
 libc.a(*)
 libm.a(*)
 libgcc.a(*)

.ARM.attributes
                0x00000000       0x29
 *(.ARM.attributes)
 .ARM.attributes
                0x00000000       0x1d c:/ac6/systemworkbench/plugins/fr.ac6.mcu.externaltools.arm-none.win32_1.16.0.201807130628/tools/compiler/bin/../lib/gcc/arm-none-eabi/7.2.1/thumb/v7-m/crti.o
 .ARM.attributes
                0x0000001d       0x2d c:/ac6/systemworkbench/plugins/fr.ac6.mcu.externaltools.arm-none.win32_1.16.0.201807130628/tools/compiler/bin/../lib/gcc/arm-none-eabi/7.2.1/thumb/v7-m/crtbegin.o
 .ARM.attributes
                0x0000004a       0x33 StdPeriph_Driver/src/stm32l1xx_adc.o
 .ARM.attributes
                0x0000007d       0x33 StdPeriph_Driver/src/stm32l1xx_dac.o
 .ARM.attributes
                0x000000b0       0x33 StdPeriph_Driver/src/stm32l1xx_dma.o
 .ARM.attributes
                0x000000e3       0x33 StdPeriph_Driver/src/stm32l1xx_gpio.o
 .ARM.attributes
                0x00000116       0x33 StdPeriph_Driver/src/stm32l1xx_rcc.o
 .ARM.attributes
                0x00000149       0x33 StdPeriph_Driver/src/stm32l1xx_tim.o
 .ARM.attributes
                0x0000017c       0x33 StdPeriph_Driver/src/stm32l1xx_usart.o
 .ARM.attributes
                0x000001af       0x33 src/Utilities.o
 .ARM.attributes
                0x000001e2       0x33 src/main.o
 .ARM.attributes
                0x00000215       0x33 src/system_stm32l1xx.o
 .ARM.attributes
                0x00000248       0x33 src/uart.o
 .ARM.attributes
                0x0000027b       0x21 startup/startup_stm32l1xx_md.o
 .ARM.attributes
                0x0000029c       0x2d c:/ac6/systemworkbench/plugins/fr.ac6.mcu.externaltools.arm-none.win32_1.16.0.201807130628/tools/compiler/bin/../lib/gcc/arm-none-eabi/7.2.1/../../../../arm-none-eabi/lib/thumb/v7-m\libc.a(lib_a-atoi.o)
 .ARM.attributes
                0x000002c9       0x2d c:/ac6/systemworkbench/plugins/fr.ac6.mcu.externaltools.arm-none.win32_1.16.0.201807130628/tools/compiler/bin/../lib/gcc/arm-none-eabi/7.2.1/../../../../arm-none-eabi/lib/thumb/v7-m\libc.a(lib_a-impure.o)
 .ARM.attributes
                0x000002f6       0x2d c:/ac6/systemworkbench/plugins/fr.ac6.mcu.externaltools.arm-none.win32_1.16.0.201807130628/tools/compiler/bin/../lib/gcc/arm-none-eabi/7.2.1/../../../../arm-none-eabi/lib/thumb/v7-m\libc.a(lib_a-init.o)
 .ARM.attributes
                0x00000323       0x2d c:/ac6/systemworkbench/plugins/fr.ac6.mcu.externaltools.arm-none.win32_1.16.0.201807130628/tools/compiler/bin/../lib/gcc/arm-none-eabi/7.2.1/../../../../arm-none-eabi/lib/thumb/v7-m\libc.a(lib_a-itoa.o)
 .ARM.attributes
                0x00000350       0x1b c:/ac6/systemworkbench/plugins/fr.ac6.mcu.externaltools.arm-none.win32_1.16.0.201807130628/tools/compiler/bin/../lib/gcc/arm-none-eabi/7.2.1/../../../../arm-none-eabi/lib/thumb/v7-m\libc.a(lib_a-strcmp.o)
 .ARM.attributes
                0x0000036b       0x2d c:/ac6/systemworkbench/plugins/fr.ac6.mcu.externaltools.arm-none.win32_1.16.0.201807130628/tools/compiler/bin/../lib/gcc/arm-none-eabi/7.2.1/../../../../arm-none-eabi/lib/thumb/v7-m\libc.a(lib_a-strtol.o)
 .ARM.attributes
                0x00000398       0x2d c:/ac6/systemworkbench/plugins/fr.ac6.mcu.externaltools.arm-none.win32_1.16.0.201807130628/tools/compiler/bin/../lib/gcc/arm-none-eabi/7.2.1/../../../../arm-none-eabi/lib/thumb/v7-m\libc.a(lib_a-utoa.o)
 .ARM.attributes
                0x000003c5       0x2d c:/ac6/systemworkbench/plugins/fr.ac6.mcu.externaltools.arm-none.win32_1.16.0.201807130628/tools/compiler/bin/../lib/gcc/arm-none-eabi/7.2.1/../../../../arm-none-eabi/lib/thumb/v7-m\libc.a(lib_a-__call_atexit.o)
 .ARM.attributes
                0x000003f2       0x2d c:/ac6/systemworkbench/plugins/fr.ac6.mcu.externaltools.arm-none.win32_1.16.0.201807130628/tools/compiler/bin/../lib/gcc/arm-none-eabi/7.2.1/../../../../arm-none-eabi/lib/thumb/v7-m\libc.a(lib_a-atexit.o)
 .ARM.attributes
                0x0000041f       0x2d c:/ac6/systemworkbench/plugins/fr.ac6.mcu.externaltools.arm-none.win32_1.16.0.201807130628/tools/compiler/bin/../lib/gcc/arm-none-eabi/7.2.1/../../../../arm-none-eabi/lib/thumb/v7-m\libc.a(lib_a-fini.o)
 .ARM.attributes
                0x0000044c       0x2d c:/ac6/systemworkbench/plugins/fr.ac6.mcu.externaltools.arm-none.win32_1.16.0.201807130628/tools/compiler/bin/../lib/gcc/arm-none-eabi/7.2.1/../../../../arm-none-eabi/lib/thumb/v7-m\libc.a(lib_a-locale.o)
 .ARM.attributes
                0x00000479       0x2d c:/ac6/systemworkbench/plugins/fr.ac6.mcu.externaltools.arm-none.win32_1.16.0.201807130628/tools/compiler/bin/../lib/gcc/arm-none-eabi/7.2.1/../../../../arm-none-eabi/lib/thumb/v7-m\libc.a(lib_a-lock.o)
 .ARM.attributes
                0x000004a6       0x2d c:/ac6/systemworkbench/plugins/fr.ac6.mcu.externaltools.arm-none.win32_1.16.0.201807130628/tools/compiler/bin/../lib/gcc/arm-none-eabi/7.2.1/../../../../arm-none-eabi/lib/thumb/v7-m\libc.a(lib_a-mbtowc_r.o)
 .ARM.attributes
                0x000004d3       0x2d c:/ac6/systemworkbench/plugins/fr.ac6.mcu.externaltools.arm-none.win32_1.16.0.201807130628/tools/compiler/bin/../lib/gcc/arm-none-eabi/7.2.1/../../../../arm-none-eabi/lib/thumb/v7-m\libc.a(lib_a-wctomb_r.o)
 .ARM.attributes
                0x00000500       0x2d c:/ac6/systemworkbench/plugins/fr.ac6.mcu.externaltools.arm-none.win32_1.16.0.201807130628/tools/compiler/bin/../lib/gcc/arm-none-eabi/7.2.1/../../../../arm-none-eabi/lib/thumb/v7-m\libc.a(lib_a-__atexit.o)
 .ARM.attributes
                0x0000052d       0x2d c:/ac6/systemworkbench/plugins/fr.ac6.mcu.externaltools.arm-none.win32_1.16.0.201807130628/tools/compiler/bin/../lib/gcc/arm-none-eabi/7.2.1/../../../../arm-none-eabi/lib/thumb/v7-m\libc.a(lib_a-ctype_.o)
 .ARM.attributes
                0x0000055a       0x1d c:/ac6/systemworkbench/plugins/fr.ac6.mcu.externaltools.arm-none.win32_1.16.0.201807130628/tools/compiler/bin/../lib/gcc/arm-none-eabi/7.2.1/thumb/v7-m/crtn.o

.DataFlash
 *(.DataFlash)
OUTPUT(smartswitchcontrol.elf elf32-littlearm)

.debug_info     0x00000000     0x76cb
 .debug_info    0x00000000      0xcbb StdPeriph_Driver/src/stm32l1xx_adc.o
 .debug_info    0x00000cbb      0x650 StdPeriph_Driver/src/stm32l1xx_dac.o
 .debug_info    0x0000130b      0x485 StdPeriph_Driver/src/stm32l1xx_dma.o
 .debug_info    0x00001790      0x660 StdPeriph_Driver/src/stm32l1xx_gpio.o
 .debug_info    0x00001df0      0xa34 StdPeriph_Driver/src/stm32l1xx_rcc.o
 .debug_info    0x00002824     0x1975 StdPeriph_Driver/src/stm32l1xx_tim.o
 .debug_info    0x00004199      0x9d4 StdPeriph_Driver/src/stm32l1xx_usart.o
 .debug_info    0x00004b6d      0xb08 src/Utilities.o
 .debug_info    0x00005675     0x187e src/main.o
 .debug_info    0x00006ef3      0x56d src/system_stm32l1xx.o
 .debug_info    0x00007460      0x249 src/uart.o
 .debug_info    0x000076a9       0x22 startup/startup_stm32l1xx_md.o

.debug_abbrev   0x00000000     0x13d6
 .debug_abbrev  0x00000000      0x196 StdPeriph_Driver/src/stm32l1xx_adc.o
 .debug_abbrev  0x00000196      0x196 StdPeriph_Driver/src/stm32l1xx_dac.o
 .debug_abbrev  0x0000032c      0x187 StdPeriph_Driver/src/stm32l1xx_dma.o
 .debug_abbrev  0x000004b3      0x1bf StdPeriph_Driver/src/stm32l1xx_gpio.o
 .debug_abbrev  0x00000672      0x1fd StdPeriph_Driver/src/stm32l1xx_rcc.o
 .debug_abbrev  0x0000086f      0x1c8 StdPeriph_Driver/src/stm32l1xx_tim.o
 .debug_abbrev  0x00000a37      0x187 StdPeriph_Driver/src/stm32l1xx_usart.o
 .debug_abbrev  0x00000bbe      0x212 src/Utilities.o
 .debug_abbrev  0x00000dd0      0x362 src/main.o
 .debug_abbrev  0x00001132      0x16c src/system_stm32l1xx.o
 .debug_abbrev  0x0000129e      0x126 src/uart.o
 .debug_abbrev  0x000013c4       0x12 startup/startup_stm32l1xx_md.o

.debug_aranges  0x00000000      0x918
 .debug_aranges
                0x00000000      0x148 StdPeriph_Driver/src/stm32l1xx_adc.o
 .debug_aranges
                0x00000148       0xa0 StdPeriph_Driver/src/stm32l1xx_dac.o
 .debug_aranges
                0x000001e8       0x70 StdPeriph_Driver/src/stm32l1xx_dma.o
 .debug_aranges
                0x00000258       0x88 StdPeriph_Driver/src/stm32l1xx_gpio.o
 .debug_aranges
                0x000002e0      0x148 StdPeriph_Driver/src/stm32l1xx_rcc.o
 .debug_aranges
                0x00000428      0x2b8 StdPeriph_Driver/src/stm32l1xx_tim.o
 .debug_aranges
                0x000006e0      0x100 StdPeriph_Driver/src/stm32l1xx_usart.o
 .debug_aranges
                0x000007e0       0x38 src/Utilities.o
 .debug_aranges
                0x00000818       0x80 src/main.o
 .debug_aranges
                0x00000898       0x30 src/system_stm32l1xx.o
 .debug_aranges
                0x000008c8       0x28 src/uart.o
 .debug_aranges
                0x000008f0       0x28 startup/startup_stm32l1xx_md.o

.debug_ranges   0x00000000      0x860
 .debug_ranges  0x00000000      0x138 StdPeriph_Driver/src/stm32l1xx_adc.o
 .debug_ranges  0x00000138       0x90 StdPeriph_Driver/src/stm32l1xx_dac.o
 .debug_ranges  0x000001c8       0x60 StdPeriph_Driver/src/stm32l1xx_dma.o
 .debug_ranges  0x00000228       0x78 StdPeriph_Driver/src/stm32l1xx_gpio.o
 .debug_ranges  0x000002a0      0x138 StdPeriph_Driver/src/stm32l1xx_rcc.o
 .debug_ranges  0x000003d8      0x2a8 StdPeriph_Driver/src/stm32l1xx_tim.o
 .debug_ranges  0x00000680       0xf0 StdPeriph_Driver/src/stm32l1xx_usart.o
 .debug_ranges  0x00000770       0x28 src/Utilities.o
 .debug_ranges  0x00000798       0x70 src/main.o
 .debug_ranges  0x00000808       0x20 src/system_stm32l1xx.o
 .debug_ranges  0x00000828       0x18 src/uart.o
 .debug_ranges  0x00000840       0x20 startup/startup_stm32l1xx_md.o

.debug_macro    0x00000000     0x3705
 .debug_macro   0x00000000      0x21d StdPeriph_Driver/src/stm32l1xx_adc.o
 .debug_macro   0x0000021d       0x88 StdPeriph_Driver/src/stm32l1xx_adc.o
 .debug_macro   0x000002a5      0x1b9 StdPeriph_Driver/src/stm32l1xx_dac.o
 .debug_macro   0x0000045e      0x179 StdPeriph_Driver/src/stm32l1xx_dac.o
 .debug_macro   0x000005d7      0x1e1 StdPeriph_Driver/src/stm32l1xx_dma.o
 .debug_macro   0x000007b8      0x3a8 StdPeriph_Driver/src/stm32l1xx_dma.o
 .debug_macro   0x00000b60      0x18d StdPeriph_Driver/src/stm32l1xx_gpio.o
 .debug_macro   0x00000ced      0x1fd StdPeriph_Driver/src/stm32l1xx_gpio.o
 .debug_macro   0x00000eea      0x22f StdPeriph_Driver/src/stm32l1xx_rcc.o
 .debug_macro   0x00001119      0x40d StdPeriph_Driver/src/stm32l1xx_rcc.o
 .debug_macro   0x00001526      0x1a0 StdPeriph_Driver/src/stm32l1xx_tim.o
 .debug_macro   0x000016c6      0x669 StdPeriph_Driver/src/stm32l1xx_tim.o
 .debug_macro   0x00001d2f      0x1a5 StdPeriph_Driver/src/stm32l1xx_usart.o
 .debug_macro   0x00001ed4      0x21a StdPeriph_Driver/src/stm32l1xx_usart.o
 .debug_macro   0x000020ee      0x251 src/Utilities.o
 .debug_macro   0x0000233f       0x17 src/Utilities.o
 .debug_macro   0x00002356       0x58 src/Utilities.o
 .debug_macro   0x000023ae       0x35 src/Utilities.o
 .debug_macro   0x000023e3       0x9c src/Utilities.o
 .debug_macro   0x0000247f       0x16 src/Utilities.o
 .debug_macro   0x00002495      0x10e src/Utilities.o
 .debug_macro   0x000025a3       0x8d src/Utilities.o
 .debug_macro   0x00002630       0x58 src/Utilities.o
 .debug_macro   0x00002688       0x1f src/Utilities.o
 .debug_macro   0x000026a7       0x43 src/Utilities.o
 .debug_macro   0x000026ea       0x20 src/Utilities.o
 .debug_macro   0x0000270a      0x18e src/Utilities.o
 .debug_macro   0x00002898      0x330 src/Utilities.o
 .debug_macro   0x00002bc8       0x16 src/Utilities.o
 .debug_macro   0x00002bde       0x29 src/Utilities.o
 .debug_macro   0x00002c07       0x16 src/Utilities.o
 .debug_macro   0x00002c1d      0x2cc src/main.o
 .debug_macro   0x00002ee9      0x174 src/main.o
 .debug_macro   0x0000305d       0x10 src/main.o
 .debug_macro   0x0000306d       0x35 src/main.o
 .debug_macro   0x000030a2      0x35f src/main.o
 .debug_macro   0x00003401      0x185 src/system_stm32l1xx.o
 .debug_macro   0x00003586      0x17f src/uart.o

.debug_line     0x00000000     0x5602
 .debug_line    0x00000000      0x90f StdPeriph_Driver/src/stm32l1xx_adc.o
 .debug_line    0x0000090f      0x6d3 StdPeriph_Driver/src/stm32l1xx_dac.o
 .debug_line    0x00000fe2      0x6b4 StdPeriph_Driver/src/stm32l1xx_dma.o
 .debug_line    0x00001696      0x6e1 StdPeriph_Driver/src/stm32l1xx_gpio.o
 .debug_line    0x00001d77      0x89e StdPeriph_Driver/src/stm32l1xx_rcc.o
 .debug_line    0x00002615      0xd06 StdPeriph_Driver/src/stm32l1xx_tim.o
 .debug_line    0x0000331b      0x817 StdPeriph_Driver/src/stm32l1xx_usart.o
 .debug_line    0x00003b32      0x647 src/Utilities.o
 .debug_line    0x00004179      0x8b2 src/main.o
 .debug_line    0x00004a2b      0x5e5 src/system_stm32l1xx.o
 .debug_line    0x00005010      0x574 src/uart.o
 .debug_line    0x00005584       0x7e startup/startup_stm32l1xx_md.o

.debug_str      0x00000000    0x55b96
 .debug_str     0x00000000    0x4ebf5 StdPeriph_Driver/src/stm32l1xx_adc.o
                              0x4eda6 (size before relaxing)
 .debug_str     0x0004ebf5      0x366 StdPeriph_Driver/src/stm32l1xx_dac.o
                              0x4e7be (size before relaxing)
 .debug_str     0x0004ef5b      0x6d6 StdPeriph_Driver/src/stm32l1xx_dma.o
                              0x4eafc (size before relaxing)
 .debug_str     0x0004f631      0x318 StdPeriph_Driver/src/stm32l1xx_gpio.o
                              0x4e72a (size before relaxing)
 .debug_str     0x0004f949      0x9a3 StdPeriph_Driver/src/stm32l1xx_rcc.o
                              0x4ee0a (size before relaxing)
 .debug_str     0x000502ec      0xa77 StdPeriph_Driver/src/stm32l1xx_tim.o
                              0x4ef07 (size before relaxing)
 .debug_str     0x00050d63      0x533 StdPeriph_Driver/src/stm32l1xx_usart.o
                              0x4ea15 (size before relaxing)
 .debug_str     0x00051296     0x317e src/Utilities.o
                              0x5162e (size before relaxing)
 .debug_str     0x00054414     0x161b src/main.o
                              0x5313b (size before relaxing)
 .debug_str     0x00055a2f      0x110 src/system_stm32l1xx.o
                              0x4e5b4 (size before relaxing)
 .debug_str     0x00055b3f       0x26 src/uart.o
                              0x4e471 (size before relaxing)
 .debug_str     0x00055b65       0x31 startup/startup_stm32l1xx_md.o
                                 0x5a (size before relaxing)

.comment        0x00000000       0x7e
 .comment       0x00000000       0x7e StdPeriph_Driver/src/stm32l1xx_adc.o
                                 0x7f (size before relaxing)
 .comment       0x0000007e       0x7f StdPeriph_Driver/src/stm32l1xx_dac.o
 .comment       0x0000007e       0x7f StdPeriph_Driver/src/stm32l1xx_dma.o
 .comment       0x0000007e       0x7f StdPeriph_Driver/src/stm32l1xx_gpio.o
 .comment       0x0000007e       0x7f StdPeriph_Driver/src/stm32l1xx_rcc.o
 .comment       0x0000007e       0x7f StdPeriph_Driver/src/stm32l1xx_tim.o
 .comment       0x0000007e       0x7f StdPeriph_Driver/src/stm32l1xx_usart.o
 .comment       0x0000007e       0x7f src/Utilities.o
 .comment       0x0000007e       0x7f src/main.o
 .comment       0x0000007e       0x7f src/system_stm32l1xx.o
 .comment       0x0000007e       0x7f src/uart.o

.debug_frame    0x00000000     0x2bac
 .debug_frame   0x00000000      0x5fc StdPeriph_Driver/src/stm32l1xx_adc.o
 .debug_frame   0x000005fc      0x2ac StdPeriph_Driver/src/stm32l1xx_dac.o
 .debug_frame   0x000008a8      0x1c8 StdPeriph_Driver/src/stm32l1xx_dma.o
 .debug_frame   0x00000a70      0x23c StdPeriph_Driver/src/stm32l1xx_gpio.o
 .debug_frame   0x00000cac      0x5e4 StdPeriph_Driver/src/stm32l1xx_rcc.o
 .debug_frame   0x00001290      0xd14 StdPeriph_Driver/src/stm32l1xx_tim.o
 .debug_frame   0x00001fa4      0x490 StdPeriph_Driver/src/stm32l1xx_usart.o
 .debug_frame   0x00002434       0xa0 src/Utilities.o
 .debug_frame   0x000024d4      0x1c8 src/main.o
 .debug_frame   0x0000269c       0x7c src/system_stm32l1xx.o
 .debug_frame   0x00002718       0x58 src/uart.o
 .debug_frame   0x00002770       0x30 c:/ac6/systemworkbench/plugins/fr.ac6.mcu.externaltools.arm-none.win32_1.16.0.201807130628/tools/compiler/bin/../lib/gcc/arm-none-eabi/7.2.1/../../../../arm-none-eabi/lib/thumb/v7-m\libc.a(lib_a-atoi.o)
 .debug_frame   0x000027a0       0x2c c:/ac6/systemworkbench/plugins/fr.ac6.mcu.externaltools.arm-none.win32_1.16.0.201807130628/tools/compiler/bin/../lib/gcc/arm-none-eabi/7.2.1/../../../../arm-none-eabi/lib/thumb/v7-m\libc.a(lib_a-init.o)
 .debug_frame   0x000027cc       0x3c c:/ac6/systemworkbench/plugins/fr.ac6.mcu.externaltools.arm-none.win32_1.16.0.201807130628/tools/compiler/bin/../lib/gcc/arm-none-eabi/7.2.1/../../../../arm-none-eabi/lib/thumb/v7-m\libc.a(lib_a-itoa.o)
 .debug_frame   0x00002808       0x34 c:/ac6/systemworkbench/plugins/fr.ac6.mcu.externaltools.arm-none.win32_1.16.0.201807130628/tools/compiler/bin/../lib/gcc/arm-none-eabi/7.2.1/../../../../arm-none-eabi/lib/thumb/v7-m\libc.a(lib_a-strcmp.o)
 .debug_frame   0x0000283c       0x9c c:/ac6/systemworkbench/plugins/fr.ac6.mcu.externaltools.arm-none.win32_1.16.0.201807130628/tools/compiler/bin/../lib/gcc/arm-none-eabi/7.2.1/../../../../arm-none-eabi/lib/thumb/v7-m\libc.a(lib_a-strtol.o)
 .debug_frame   0x000028d8       0x4c c:/ac6/systemworkbench/plugins/fr.ac6.mcu.externaltools.arm-none.win32_1.16.0.201807130628/tools/compiler/bin/../lib/gcc/arm-none-eabi/7.2.1/../../../../arm-none-eabi/lib/thumb/v7-m\libc.a(lib_a-utoa.o)
 .debug_frame   0x00002924       0x5c c:/ac6/systemworkbench/plugins/fr.ac6.mcu.externaltools.arm-none.win32_1.16.0.201807130628/tools/compiler/bin/../lib/gcc/arm-none-eabi/7.2.1/../../../../arm-none-eabi/lib/thumb/v7-m\libc.a(lib_a-__call_atexit.o)
 .debug_frame   0x00002980       0x20 c:/ac6/systemworkbench/plugins/fr.ac6.mcu.externaltools.arm-none.win32_1.16.0.201807130628/tools/compiler/bin/../lib/gcc/arm-none-eabi/7.2.1/../../../../arm-none-eabi/lib/thumb/v7-m\libc.a(lib_a-atexit.o)
 .debug_frame   0x000029a0       0x34 c:/ac6/systemworkbench/plugins/fr.ac6.mcu.externaltools.arm-none.win32_1.16.0.201807130628/tools/compiler/bin/../lib/gcc/arm-none-eabi/7.2.1/../../../../arm-none-eabi/lib/thumb/v7-m\libc.a(lib_a-fini.o)
 .debug_frame   0x000029d4       0x6c c:/ac6/systemworkbench/plugins/fr.ac6.mcu.externaltools.arm-none.win32_1.16.0.201807130628/tools/compiler/bin/../lib/gcc/arm-none-eabi/7.2.1/../../../../arm-none-eabi/lib/thumb/v7-m\libc.a(lib_a-locale.o)
 .debug_frame   0x00002a40       0xb0 c:/ac6/systemworkbench/plugins/fr.ac6.mcu.externaltools.arm-none.win32_1.16.0.201807130628/tools/compiler/bin/../lib/gcc/arm-none-eabi/7.2.1/../../../../arm-none-eabi/lib/thumb/v7-m\libc.a(lib_a-lock.o)
 .debug_frame   0x00002af0       0x4c c:/ac6/systemworkbench/plugins/fr.ac6.mcu.externaltools.arm-none.win32_1.16.0.201807130628/tools/compiler/bin/../lib/gcc/arm-none-eabi/7.2.1/../../../../arm-none-eabi/lib/thumb/v7-m\libc.a(lib_a-mbtowc_r.o)
 .debug_frame   0x00002b3c       0x3c c:/ac6/systemworkbench/plugins/fr.ac6.mcu.externaltools.arm-none.win32_1.16.0.201807130628/tools/compiler/bin/../lib/gcc/arm-none-eabi/7.2.1/../../../../arm-none-eabi/lib/thumb/v7-m\libc.a(lib_a-wctomb_r.o)
 .debug_frame   0x00002b78       0x34 c:/ac6/systemworkbench/plugins/fr.ac6.mcu.externaltools.arm-none.win32_1.16.0.201807130628/tools/compiler/bin/../lib/gcc/arm-none-eabi/7.2.1/../../../../arm-none-eabi/lib/thumb/v7-m\libc.a(lib_a-__atexit.o)
